******************************************************************************
                  TI ARM Linker PC v17.9.0                     
******************************************************************************
>> Linked Sun Feb 18 20:07:14 2018

OUTPUT FILE NAME:   <iot_humidifier_CC3220SF_LAUNCHXL_tirtos_ccs.out>
ENTRY POINT SYMBOL: "_c_int00"  address: 0101a74d


MEMORY CONFIGURATION

         name            origin    length      used     unused   attr    fill
----------------------  --------  ---------  --------  --------  ----  --------
  FLASH_HDR             01000000   000007ff  00000000  000007ff  R  X
  FLASH                 01000800   000ff800  0001e75c  000e10a4  R  X
  SRAM                  20000000   00040000  0000ecf2  0003130e  RW X


SEGMENT ALLOCATION MAP

run origin  load origin   length   init length attrs members
----------  ----------- ---------- ----------- ----- -------
01000800    01000800    0001e768   0001e768    r-x
  01000800    01000800    0000003c   0000003c    r-- .resetVecs
  01000840    01000840    0001cc5a   0001cc5a    r-x .text
  0101d49c    0101d49c    0000166e   0000166e    r-- .const
  0101eb10    0101eb10    00000458   00000458    r-- .cinit
20000310    20000310    00008000   00000000    r--
  20000310    20000310    00008000   00000000    r-- .priheap
20008400    20008400    000065e9   00000000    rw-
  20008400    20008400    00005169   00000000    rw- .bss
  2000d56c    2000d56c    0000147d   00000000    rw- .data
2003fc00    2003fc00    00000400   00000000    rw-
  2003fc00    2003fc00    00000400   00000000    rw- .stack


SECTION ALLOCATION MAP

 output                                  attributes/
section   page    origin      length       input sections
--------  ----  ----------  ----------   ----------------
.text      0    01000840    0001cc5a     
                  01000840    000011c2     rtsv7M4_T_le_eabi.lib : _printfi.obj (.text)
                  01001a02    00000002     drivers_cc32xx.aem4 : CryptoCC32XX.oem4 (.text:CryptoCC32XX_init)
                  01001a04    00000d64     ota_archive.obj (.text:OtaArchive_Process)
                  01002768    00000897     iot_humidifier.obj (.text:SimpleLinkWlanEventHandler)
                  01002fff    00000001     --HOLE-- [fill = 0]
                  01003000    00000880     simplelink.a : driver.obj (.text:_SlDrvMsgRead)
                  01003880    000007ac     ota_task.obj (.text:otaTask)
                  0100402c    0000069c     link_local_task.obj (.text:otaPutCallback)
                  010046c8    0000056c     ota_archive.obj (.text:_BundleCmdFile_Parse)
                  01004c34    00000004     dpl_cc32xx.aem4 : ClockP_tirtos.oem4 (.text:ClockP_getCpuFreq)
                  01004c38    0000046f     sysbios.aem4 : BIOS.obj (.text:xdc_runtime_System_doPrint__I)
                  010050a7    00000001     --HOLE-- [fill = 0]
                  010050a8    00000468     iot_humidifier.obj (.text:mainThread)
                  01005510    0000042c     driverlib.a : prcm.obj (.text:PRCMCC3200MCUInit)
                  0100593c    0000040d     link_local_task.obj (.text:parseUrlEncoded)
                  01005d49    00000001     --HOLE-- [fill = 0]
                  01005d4a    00000002     drivers_cc32xx.aem4 : I2CCC32XX.oem4 (.text:I2CCC32XX_cancel)
                  01005d4c    0000040c     simplelink.a : sl_socket.obj (.text:_SlSocketHandleAsync_Select)
                  01006158    000003b8     iot_humidifier.obj (.text:SimpleLinkNetAppEventHandler)
                  01006510    00000384     simplelink.a : driver.obj (.text:_SlDrvMsgWrite)
                  01006894    00000338     provisioning_task.obj (.text:validateLocalLinkConnection)
                  01006bcc    00000330     provisioning_task.obj (.text:ConfigureSimpleLinkToDefaultState)
                  01006efc    000002dc     link_local_task.obj (.text:linkLocalTask)
                  010071d8    000002d8     simplelink.a : driver.obj (.text:_SlDrvRxHdrRead)
                  010074b0    000002cc     json.a : json_engine.obj (.text:__JSON_Init)
                  0100777c    000002c8            : utils.obj (.text:FindPropertyByPropertyPath)
                  01007a44    000002b8     iot_humidifier.obj (.text:controlTask)
                  01007cfc    000002b8     link_local_task.obj (.text:deviceGetCallback)
                  01007fb4    000002a4     provisioning_task.obj (.text:provisioningTask)
                  01008258    000002a0     iot_humidifier.obj (.text:DisplayBanner)
                  010084f8    00000298     bme280.obj (.text:BME280_compensated_Pressure)
                  01008790    0000028d     iot_humidifier.obj (.text:SimpleLinkSockEventHandler)
                  01008a1d    00000001     --HOLE-- [fill = 0]
                  01008a1e    00000002     drivers_cc32xx.aem4 : I2CCC32XX.oem4 (.text:I2CCC32XX_init)
                  01008a20    00000284     provisioning_task.obj (.text:HandleStrtdEvt)
                  01008ca4    00000270     drivers_cc32xx.aem4 : UARTCC32XX.oem4 (.text:UARTCC32XX_open)
                  01008f14    00000266     ota_archive.obj (.text:OtaArchive_CheckVersion)
                  0100917a    00000002     platform.obj (.text:Platform_TimerInterruptClear)
                  0100917c    00000244     iot_humidifier.obj (.text:SimpleLinkFatalErrorEventHandler)
                  010093c0    0000023e     json.a : parse_common.obj (.text:IdentifyToken)
                  010095fe    00000002     drivers_cc32xx.aem4 : UARTCC32XX.oem4 (.text:UARTCC32XX_init)
                  01009600    00000234     link_local_task.obj (.text:parseHttpRequestMetadata)
                  01009834    00000230     json.a : parse_common.obj (.text:FindPropertyInBranch)
                  01009a64    00000228     drivers_cc32xx.aem4 : CryptoCC32XX.oem4 (.text:CryptoCC32XX_shamd5Process)
                  01009c8c    0000021e     rtsv7M4_T_le_eabi.lib : ll_div_t2.obj (.text)
                  01009eaa    00000002                           : i_div0.obj (.text)
                  01009eac    00000208     simplelink.a : driver.obj (.text:_SlDrvDriverCBInit)
                  0100a0b4    000001fc                  : driver.obj (.text:_SlDrvDataReadOp)
                  0100a2b0    000001f4     rtsv7M4_T_le_eabi.lib : ull_div_t2.obj (.text)
                  0100a4a4    000001f2     simplelink.a : netapp.obj (.text:_SlNetAppEventHandler)
                  0100a696    00000002     rtsv7M4_T_le_eabi.lib : l_div0.obj (.text)
                  0100a698    000001e4     link_local_task.obj (.text:otaGetCallback)
                  0100a87c    000001d8     simplelink.a : driver.obj (.text:_SlDrvReleasePoolObj)
                  0100aa54    000001d4     link_local_task.obj (.text:bme280sensorGetCallback)
                  0100ac28    000001d4     link_local_task.obj (.text:neopixelGetCallback)
                  0100adfc    000001d4     provisioning_task.obj (.text:provisioningStart)
                  0100afd0    000001d0     drivers_cc32xx.aem4 : SPICC32XXDMA.oem4 (.text:SPICC32XXDMA_transfer)
                  0100b1a0    000001cc                         : GPIOCC32XX.oem4 (.text:GPIO_setConfig)
                  0100b36c    000001cc     json.a : parse_common.obj (.text:IdentifyStringLiteral)
                  0100b538    000001c2            : parse_common.obj (.text:IdentifyAndSkip_LiteralNumber)
                  0100b6fa    00000002     release_pem4.oem4 (.text:ti_sysbios_BIOS_nullFunc__I)
                  0100b6fc    000001bc     simplelink.a : driver.obj (.text:_SlDrvMsgReadCmdCtx)
                  0100b8b8    000001bc                  : sl_socket.obj (.text:sl_Accept)
                  0100ba74    000001b8     dpl_cc32xx.aem4 : PowerCC32XX_tirtos.oem4 (.text:PowerCC32XX_sleepPolicy)
                  0100bc2c    000001b6     rtsv7M4_T_le_eabi.lib : fd_add_t2.obj (.text)
                  0100bde2    00000002     release_pem4.oem4 (.text:xdc_runtime_Startup_reset__I)
                  0100bde4    000001ac     link_local_task.obj (.text:initLinkLocalDB)
                  0100bf90    000001a8     bme280.obj (.text:BME280_open)
                  0100c138    000001a0     json.a : parse_common.obj (.text:SmIncorporateValue)
                  0100c2d8    0000019c     simplelink.a : driver.obj (.text:_SlDrvWaitForPoolObj)
                  0100c474    00000194     link_local_task.obj (.text:SimpleLinkNetAppRequestEventHandler)
                  0100c608    00000194     sysbios.aem4 : BIOS.obj (.text:mq_open)
                  0100c79c    0000018e     json.a : json_engine.obj (.text:SetValueForString)
                  0100c92a    00000002     --HOLE-- [fill = 0]
                  0100c92c    00000180     ota_archive.obj (.text:_ReadOtaVersionFile)
                  0100caac    00000180     simplelink.a : driver.obj (.text:_SlDrvDataWriteOp)
                  0100cc2c    00000180     drivers_cc32xx.aem4 : SPICC32XXDMA.oem4 (.text:configDMA)
                  0100cdac    0000017c     json.a : parse_common.obj (.text:IdentifyAndSkip_LiteralValue)
                  0100cf28    0000017c            : parse_common.obj (.text:IdentifyAndSkip_PropertyType)
                  0100d0a4    0000017c     simplelink.a : spawn.obj (.text:_SlInternalSpawnTaskEntry)
                  0100d220    00000178     ota_json.obj (.text:B64_Decode)
                  0100d398    00000178     json.a : json_engine.obj (.text:EnsureArrayAccomodatesIndex)
                  0100d510    00000174     simplelink.a : driver.obj (.text:_SlDrvFindAndSetActiveObj)
                  0100d684    00000170     release_pem4.oem4 (.text:xdc_runtime_System_printfExtend__I)
                  0100d7f4    0000016c     simplelink.a : device.obj (.text:sl_Stop)
                  0100d960    00000168                  : fs.obj (.text:sl_FsCtl)
                  0100dac8    0000015c     ota_archive.obj (.text:_SaveOtaVersionFile)
                  0100dc24    0000015a     ota_archive.obj (.text:verifySignature)
                  0100dd7e    00000002     --HOLE-- [fill = 0]
                  0100dd80    00000158     drivers_cc32xx.aem4 : SPICC32XXDMA.oem4 (.text:SPICC32XXDMA_open)
                  0100ded8    00000154     json.a : json_engine.obj (.text:__JSON_GetValue)
                  0100e02c    00000004     dpl_cc32xx.aem4 : ClockP_tirtos.oem4 (.text:ClockP_setTimeout)
                  0100e030    00000154     sysbios.aem4 : BIOS.obj (.text:ti_sysbios_knl_Task_Instance_finalize__E)
                  0100e184    00000150     simplelink.a : driver.obj (.text:_SlDrvDriverCBDeinit)
                  0100e2d4    00000150     drivers_cc32xx.aem4 : PowerCC32XX.oem4 (.text:parkPins)
                  0100e424    0000014c     json.a : utils.obj (.text:CopyUnexpandedAndInvalidated)
                  0100e570    0000014c     ota_json.obj (.text:OtaJson_init)
                  0100e6bc    0000013c     json.a : parse_common.obj (.text:ParseCommon)
                  0100e7f8    00000138     simplelink.a : driver.obj (.text:_SlDrvAsyncEventGenericHandler)
                  0100e930    00000136     rtsv7M4_T_le_eabi.lib : fd_div_t2.obj (.text)
                  0100ea66    00000002     --HOLE-- [fill = 0]
                  0100ea68    00000134                           : strtol.obj (.text)
                  0100eb9c    00000130     simplelink.a : sl_socket.obj (.text:_SlDrvGetNextTimeoutValue)
                  0100eccc    00000004     dpl_cc32xx.aem4 : ClockP_tirtos.oem4 (.text:ClockP_start)
                  0100ecd0    00000130     sysbios.aem4 : BIOS.obj (.text:ti_sysbios_knl_Semaphore_pend__E)
                  0100ee00    0000012c     json.a : utils.obj (.text:GetCanonizedCharacter)
                  0100ef2c    0000012c            : utils.obj (.text:HandleEndOfValue)
                  0100f058    00000128     simplelink.a : driver.obj (.text:_SlDrvClassifyRxMsg)
                  0100f180    00000128     provisioning_task.obj (.text:provisioningAppTask)
                  0100f2a8    00000124     drivers_cc32xx.aem4 : CryptoCC32XX.oem4 (.text:CryptoCC32XX_verify)
                  0100f3cc    00000124     simplelink.a : fs.obj (.text:sl_FsOpen)
                  0100f4f0    00000124                  : device.obj (.text:sl_Start)
                  0100f614    00000122     drivers_cc32xx.aem4 : I2CCC32XX.oem4 (.text:I2CCC32XX_hwiFxn)
                  0100f736    00000120     json.a : parse_common.obj (.text:SmIncreaseNestingIntoArray)
                  0100f856    00000002     --HOLE-- [fill = 0]
                  0100f858    00000120     drivers_cc32xx.aem4 : UARTCC32XX.oem4 (.text:UARTCC32XX_close)
                  0100f978    0000011c     sysbios.aem4 : BIOS.obj (.text:xdc_runtime_Startup_startMods__I)
                  0100fa94    00000118     drivers_cc32xx.aem4 : PowerCC32XX.oem4 (.text:Power_sleep)
                  0100fbac    00000004     dpl_cc32xx.aem4 : ClockP_tirtos.oem4 (.text:ClockP_stop)
                  0100fbb0    00000118     sysbios.aem4 : BIOS.obj (.text:ti_sysbios_knl_Task_postInit__I)
                  0100fcc8    00000114     simplelink.a : netapp.obj (.text:_SlNetAppHandleAsync_DnsGetHostByService)
                  0100fddc    00000110     bme280.obj (.text:BME280_readMeasurements)
                  0100feec    0000010e     json.a : parse_common.obj (.text:DetermineHashForNewArrayMember)
                  0100fffa    00000002     --HOLE-- [fill = 0]
                  0100fffc    0000010c     ota_archive.obj (.text:GetEntireFile)
                  01010108    0000010c     drivers_cc32xx.aem4 : I2CCC32XX.oem4 (.text:I2CCC32XX_open)
                  01010214    0000010c     simplelink.a : driver.obj (.text:_SlDrvMsgReadSpawnCtx)
                  01010320    0000010c     link_local_task.obj (.text:getDeviceType)
                  0101042c    0000010c     simplelink.a : sl_socket.obj (.text:sl_Close)
                  01010538    00000108     provisioning_task.obj (.text:WaitForConn)
                  01010640    00000104     json.a : json_engine.obj (.text:SetValueInProperty)
                  01010744    00000104     simplelink.a : device.obj (.text:_SlDeviceEventHandler)
                  01010848    00000104                  : driver.obj (.text:_SlDrvCmdOp)
                  0101094c    00000104                  : driver.obj (.text:_SlDrvObjGlobalLockWaitForever)
                  01010a50    00000104                  : fs.obj (.text:sl_FsRead)
                  01010b54    00000104                  : netutil.obj (.text:sl_NetUtilCmd)
                  01010c58    00000100     provisioning_task.obj (.text:ReportSuccess)
                  01010d58    00000100     simplelink.a : fs.obj (.text:sl_FsWrite)
                  01010e58    00000100     sysbios.aem4 : BIOS.obj (.text:timer_create)
                  01010f58    000000fc     ota_json.obj (.text:B64_Init)
                  01011054    000000fc     rtsv7M4_T_le_eabi.lib : fd_mul_t2.obj (.text)
                  01011150    000000f8     json.a : parse_common.obj (.text:Real_AnalyzeNumber)
                  01011248    000000f4     bme280.obj (.text:BME280_compensated_Humidity)
                  0101133c    000000f4     json.a : json.obj (.text:Json_parse)
                  01011430    000000f4     sysbios.aem4 : BIOS.obj (.text:pthread_create)
                  01011524    00000004     dpl_cc32xx.aem4 : HwiP_tirtos.oem4 (.text:HwiP_clearInterrupt)
                  01011528    000000f4     sysbios.aem4 : BIOS.obj (.text:ti_sysbios_knl_Task_Instance_init__E)
                  0101161c    000000f2     drivers_cc32xx.aem4 : SPICC32XXDMA.oem4 (.text:SPICC32XXDMA_transferCancel)
                  0101170e    000000f0     json.a : utils.obj (.text:ReadIntegerAndSkip)
                  010117fe    000000f0            : json_engine.obj (.text:__JSON_Templetize)
                  010118ee    00000002     --HOLE-- [fill = 0]
                  010118f0    000000f0     simplelink.a : netapp.obj (.text:sl_NetAppRecv)
                  010119e0    000000ee     drivers_cc32xx.aem4 : UARTCC32XX.oem4 (.text:UARTCC32XX_control)
                  01011ace    000000ec     driverlib.a : shamd5.obj (.text:SHAMD5DataWriteMultiple)
                  01011bba    00000006     dpl_cc32xx.aem4 : ClockP_tirtos.oem4 (.text:ClockP_Params_init)
                  01011bc0    000000ec     sysbios.aem4 : BIOS.obj (.text:clock_gettime)
                  01011cac    000000ec     link_local_task.obj (.text:neopixelPostCallback)
                  01011d98    000000ec     provisioning_task.obj (.text:provisioningStop)
                  01011e84    000000ea     json.a : parse_common.obj (.text:AdjustNumberToTemplate)
                  01011f6e    00000002     --HOLE-- [fill = 0]
                  01011f70    000000e8     sysbios.aem4 : BIOS.obj (.text:timer_settime)
                  01012058    000000e4     provisioning_task.obj (.text:SimpleLinkInitCallback)
                  0101213c    000000e2     json.a : utils.obj (.text:FindIndexIn_OrJustAfter_Array)
                  0101221e    00000002     --HOLE-- [fill = 0]
                  01012220    000000e0     iot_humidifier.obj (.text:SimpleLinkGeneralEventHandler)
                  01012300    000000e0     link_local_task.obj (.text:humidityPostCallback)
                  010123e0    000000dc     json.a : parse_common.obj (.text:StateMachineClick)
                  010124bc    000000d8     drivers_cc32xx.aem4 : CryptoCC32XX.oem4 (.text:CryptoCC32XX_sign)
                  01012594    000000d8     simplelink.a : netapp.obj (.text:_SlNetAppHandleAsync_NetAppReceive)
                  0101266c    000000d4     rtsv7M4_T_le_eabi.lib : s_scalbn.obj (.text)
                  01012740    000000d4     sysbios.aem4 : BIOS.obj (.text:ti_sysbios_knl_Mailbox_Instance_init__E)
                  01012814    000000d0     drivers_cc32xx.aem4 : SPICC32XXDMA.oem4 (.text:SPICC32XXDMA_close)
                  010128e4    000000d0     json.a : parse_common.obj (.text:SmIncorporatePropertyName)
                  010129b4    000000d0     simplelink.a : netapp.obj (.text:_SlNetAppMDNSRegisterUnregisterService)
                  01012a84    00000004     dpl_cc32xx.aem4 : HwiP_tirtos.oem4 (.text:HwiP_disable)
                  01012a88    000000d0     sysbios.aem4 : BIOS.obj (.text:ti_sysbios_heaps_HeapMem_alloc__E)
                  01012b58    000000cc                  : m3_Hwi_asm.obj (.text:ti_sysbios_family_arm_m3_Hwi_dispatch__I)
                  01012c24    000000c8     link_local_task.obj (.text:prepareGetMetadata)
                  01012cec    000000c8     drivers_cc32xx.aem4 : SPICC32XXDMA.oem4 (.text:spiHwiFxn)
                  01012db4    000000c4                         : GPIOCC32XX.oem4 (.text:GPIO_init)
                  01012e78    000000c4     simplelink.a : driver.obj (.text:_SlDrvRemoveFromList)
                  01012f3c    00000004     dpl_cc32xx.aem4 : HwiP_tirtos.oem4 (.text:HwiP_disableInterrupt)
                  01012f40    000000c4     sysbios.aem4 : BIOS.obj (.text:ti_sysbios_knl_Task_sleep__E)
                  01013004    000000c2     json.a : json_engine.obj (.text:Init_HandleObjectAndArrayEnd)
                  010130c6    00000002     --HOLE-- [fill = 0]
                  010130c8    000000c0     simplelink.a : cc_pal.obj (.text:NwpPowerOff)
                  01013188    000000c0     json.a : parse_common.obj (.text:PrepareRawString)
                  01013248    000000c0     drivers_cc32xx.aem4 : UARTCC32XX.oem4 (.text:UARTCC32XX_write)
                  01013308    000000c0     simplelink.a : spawn.obj (.text:_SlInternalSpawn)
                  010133c8    000000c0                  : netcfg.obj (.text:sl_NetCfgGet)
                  01013488    000000bd     ota_archive.obj (.text:_BundleCmdSignatureFile_Parse)
                  01013545    00000003     --HOLE-- [fill = 0]
                  01013548    000000bc     bme280.obj (.text:BME280_compensated_Temperature)
                  01013604    000000bc     json.a : utils.obj (.text:HashPopertyPathSegment)
                  010136c0    000000bc     simplelink.a : netapp.obj (.text:_SlNetAppSendResponse)
                  0101377c    000000bc                  : sl_socket.obj (.text:sl_Send)
                  01013838    000000bc                  : wlan.obj (.text:sl_WlanProvisioning)
                  010138f4    00000004     dpl_cc32xx.aem4 : HwiP_tirtos.oem4 (.text:HwiP_enableInterrupt)
                  010138f8    000000bc     sysbios.aem4 : BIOS.obj (.text:xdc_runtime_Core_createObject__I)
                  010139b4    000000ba     ota_archive.obj (.text:String2Hex)
                  01013a6e    00000002     --HOLE-- [fill = 0]
                  01013a70    000000b8     drivers_cc32xx.aem4 : UARTCC32XX.oem4 (.text:initHw)
                  01013b28    000000b8                         : UARTCC32XX.oem4 (.text:readIsrTextBlocking)
                  01013be0    000000b8     simplelink.a : device.obj (.text:sl_DeviceGet)
                  01013c98    000000b8                  : wlan.obj (.text:sl_WlanGet)
                  01013d50    000000b8     sysbios.aem4 : BIOS.obj (.text:ti_sysbios_knl_Task_exit__E)
                  01013e08    000000b4     json.a : parse_common.obj (.text:FindInDictionary_AndSkip)
                  01013ebc    000000b4     drivers_cc32xx.aem4 : UARTCC32XX.oem4 (.text:UARTCC32XX_readPolling)
                  01013f70    000000b4                         : PowerCC32XX.oem4 (.text:restoreParkedPins)
                  01014024    000000b0     json.a : json.obj (.text:Json_createObject)
                  010140d4    000000b0     simplelink.a : device.obj (.text:_SlDeviceHandleAsync_InitComplete)
                  01014184    000000b0                  : driver.obj (.text:_SlDrvHandleFatalError)
                  01014234    000000ae     json.a : json_engine.obj (.text:AdjustComplexObjectSizes)
                  010142e2    000000ae     drivers_cc32xx.aem4 : UARTCC32XX.oem4 (.text:readIsrTextCallback)
                  01014390    000000ac                         : CryptoCC32XX.oem4 (.text:CryptoCC32XX_open)
                  0101443c    000000ac     provisioning_task.obj (.text:InitSimplelink)
                  010144e8    000000aa     uart_term.obj (.text:Report)
                  01014592    000000aa     drivers_cc32xx.aem4 : UARTCC32XX.oem4 (.text:readTaskBlocking)
                  0101463c    000000a8     json.a : utils.obj (.text:DetermineValueSize)
                  010146e4    000000a8     drivers_cc32xx.aem4 : PowerCC32XX.oem4 (.text:PowerCC32XX_configureWakeup)
                  0101478c    000000a8     simplelink.a : fs.obj (.text:sl_FsClose)
                  01014834    000000a4     drivers_cc32xx.aem4 : I2CCC32XX.oem4 (.text:I2CCC32XX_transfer)
                  010148d8    000000a4     ota_archive.obj (.text:OtaArchive_GetPendingCommit)
                  0101497c    000000a4     json.a : parse_common.obj (.text:SmDecreaseNestingAndPop)
                  01014a20    000000a4     simplelink.a : sl_socket.obj (.text:sl_Bind)
                  01014ac4    00000004     drivers_cc32xx.aem4 : List.oem4 (.text:List_head)
                  01014ac8    000000a4     sysbios.aem4 : BIOS.obj (.text:ti_sysbios_knl_Task_setPri__E)
                  01014b6c    000000a2     drivers_cc32xx.aem4 : UARTCC32XX.oem4 (.text:writeData)
                  01014c0e    00000002     --HOLE-- [fill = 0]
                  01014c10    000000a0     simplelink.a : fs.obj (.text:FsGetCreateFsMode)
                  01014cb0    000000a0     json.a : parse_common.obj (.text:IncreaseNesting_Common)
                  01014d50    000000a0            : parse_common.obj (.text:InitializeState)
                  01014df0    000000a0            : json.obj (.text:Json_createTemplate)
                  01014e90    000000a0     simplelink.a : sl_socket.obj (.text:_SlSocketHandleAsync_StartTLS)
                  01014f30    000000a0     auto_init.aem4 : auto_init.oem4 (.text)
                  01014fd0    0000009e     simplelink.a : cc_pal.obj (.text:spi_Read)
                  0101506e    0000009e                  : cc_pal.obj (.text:spi_Write)
                  0101510c    0000009c     driverlib.a : prcm.obj (.text:PRCMHibernateCycleTrigger)
                  010151a8    0000009c     sysbios.aem4 : BIOS.obj (.text:_pthread_removeThreadKeys)
                  01015244    0000009c     drivers_cc32xx.aem4 : SPICC32XXDMA.oem4 (.text:initHw)
                  010152e0    0000009c     rtsv7M4_T_le_eabi.lib : memcpy_t2.obj (.text)
                  0101537c    00000098     json.a : utils.obj (.text:InterpretUnicodeHex)
                  01015414    00000098     simplelink.a : netutil.obj (.text:_SlNetUtilHandleAsync_Cmd)
                  010154ac    00000098     drivers_cc32xx.aem4 : GPIOCC32XX.oem4 (.text:powerNotifyFxn)
                  01015544    00000004                         : List.oem4 (.text:List_next)
                  01015548    00000098     sysbios.aem4 : BIOS.obj (.text:ti_sysbios_family_arm_m3_Hwi_Instance_init__E)
                  010155e0    00000094     json.a : json_engine.obj (.text:AdjustOffsetOfStrings)
                  01015674    00000094     ota_json.obj (.text:OtaJson_getSignature)
                  01015708    00000094     link_local_task.obj (.text:httpGetHandler)
                  0101579c    00000094     rtsv7M4_T_le_eabi.lib : snprintf.obj (.text)
                  01015830    00000094     sysbios.aem4 : BIOS.obj (.text:ti_sysbios_knl_Task_schedule__I)
                  010158c4    00000092     json.a : utils.obj (.text:SkipPropertyTableEntry)
                  01015956    00000090            : utils.obj (.text:NextHash)
                  010159e6    00000002     --HOLE-- [fill = 0]
                  010159e8    00000090     provisioning_task.obj (.text:ReportError)
                  01015a78    00000090     simplelink.a : netapp.obj (.text:_SlNetAppHandleAsync_DnsGetHostByName)
                  01015b08    00000090                  : netapp.obj (.text:_SlNetAppHandleAsync_PingResponse)
                  01015b98    00000090     link_local_task.obj (.text:getDeviceSSID)
                  01015c28    00000090     drivers_cc32xx.aem4 : PowerCC32XX.oem4 (.text:restoreNVICRegs)
                  01015cb8    00000090     simplelink.a : netapp.obj (.text:sl_NetAppSend)
                  01015d48    00000090     sysbios.aem4 : BIOS.obj (.text:ti_sysbios_knl_Task_Module_startup__E)
                  01015dd8    00000090                  : BIOS.obj (.text:ti_sysbios_knl_Task_startCore__E)
                  01015e68    0000008c     json.a : utils.obj (.text:FindLastExplicitlySpecifiedMember)
                  01015ef4    0000008c     drivers_cc32xx.aem4 : I2CCC32XX.oem4 (.text:I2CCC32XX_close)
                  01015f80    0000008c     simplelink.a : driver.obj (.text:_SlDrvDriverIsApiAllowed)
                  0101600c    0000008c     drivers_cc32xx.aem4 : UARTCC32XX.oem4 (.text:readIsrBinaryBlocking)
                  01016098    0000008c     simplelink.a : sl_socket.obj (.text:sl_Recv)
                  01016124    00000088     provisioning_task.obj (.text:NotifyReturnToFactoryImage)
                  010161ac    00000004     dpl_cc32xx.aem4 : MutexP_tirtos.oem4 (.text:MutexP_lock)
                  010161b0    00000088     sysbios.aem4 : BIOS.obj (.text:pthread_cancel)
                  01016238    00000088     rtsv7M4_T_le_eabi.lib : vsnprintf.obj (.text)
                  010162c0    00000088     sysbios.aem4 : BIOS.obj (.text:ti_sysbios_family_arm_m3_Hwi_initNVIC__E)
                  01016348    00000088                  : BIOS.obj (.text:ti_sysbios_knl_Mailbox_post__E)
                  010163d0    00000088                  : BIOS.obj (.text:xdc_runtime_Memory_alloc__E)
                  01016458    00000087     link_local_task.obj (.text:parseHttpRequestPayload)
                  010164df    00000001     --HOLE-- [fill = 0]
                  010164e0    00000086     drivers_cc32xx.aem4 : I2CCC32XX.oem4 (.text:I2CCC32XX_primeTransfer)
                  01016566    00000086     simplelink.a : driver.obj (.text:_SlDrvIsTimeoutExpired)
                  010165ec    00000086     rtsv7M4_T_le_eabi.lib : fd_cmp_t2.obj (.text:__aeabi_cdcmple)
                  01016672    00000086                           : fd_cmp_t2.obj (.text:__aeabi_cdrcmple)
                  010166f8    00000084     ota_archive.obj (.text:OtaArchive_Init)
                  0101677c    00000084     simplelink.a : sl_socket.obj (.text:_SlSocketHandleAsync_Close)
                  01016800    00000084                  : sl_socket.obj (.text:_SlSocketHandleAsync_Connect)
                  01016884    00000004     dpl_cc32xx.aem4 : MutexP_tirtos.oem4 (.text:MutexP_unlock)
                  01016888    00000084     sysbios.aem4 : BIOS.obj (.text:_pthread_runStub)
                  0101690c    00000084     iot_humidifier.obj (.text:pushButtonInterruptHandler2)
                  01016990    00000084     drivers_cc32xx.aem4 : PowerCC32XX.oem4 (.text:saveNVICRegs)
                  01016a14    00000084     simplelink.a : netapp.obj (.text:sl_NetAppSet)
                  01016a98    00000084                  : netcfg.obj (.text:sl_NetCfgSet)
                  01016b1c    00000084                  : sl_socket.obj (.text:sl_SetSockOpt)
                  01016ba0    00000084                  : wlan.obj (.text:sl_WlanSet)
                  01016c24    00000004     drivers_cc32xx.aem4 : SPICC32XXDMA.oem4 (.text:SPICC32XXDMA_init)
                  01016c28    00000084     sysbios.aem4 : BIOS.obj (.text:ti_sysbios_family_arm_m3_Hwi_postInit__I)
                  01016cac    00000004     dpl_cc32xx.aem4 : SemaphoreP_tirtos.oem4 (.text:SemaphoreP_post)
                  01016cb0    00000084     sysbios.aem4 : BIOS.obj (.text:ti_sysbios_heaps_HeapMem_free__E)
                  01016d34    00000004     release_pem4.oem4 (.text:ti_sysbios_BIOS_RtsGateProxy_enter__E)
                  01016d38    00000084     sysbios.aem4 : BIOS.obj (.text:xdc_runtime_Core_constructObject__I)
                  01016dbc    00000082     json.a : json_engine.obj (.text:FoundDuplicateHash)
                  01016e3e    00000082            : parse_common.obj (.text:IncorporateValue_Common_Template)
                  01016ec0    00000082            : utils.obj (.text:IncreaseNestingAccordingToEntry)
                  01016f42    00000002     --HOLE-- [fill = 0]
                  01016f44    00000080     link_local_task.obj (.text:getDeviceIpAddress)
                  01016fc4    00000080     drivers_cc32xx.aem4 : UARTCC32XX.oem4 (.text:readIsrBinaryCallback)
                  01017044    0000007e     link_local_task.obj (.text:getDeviceMacAddress)
                  010170c2    00000002     --HOLE-- [fill = 0]
                  010170c4    0000007c     platform.obj (.text:Platform_TimerStart)
                  01017140    0000007c     drivers_cc32xx.aem4 : UDMACC32XX.oem4 (.text:UDMACC32XX_open)
                  010171bc    0000007c     json.a : utils.obj (.text:UpdateHashAndArrayIndex)
                  01017238    0000007c     sysbios.aem4 : BIOS.obj (.text:_pthread_abstime2ticks)
                  010172b4    0000007c     simplelink.a : wlan.obj (.text:sl_WlanPolicySet)
                  01017330    0000007a     drivers_cc32xx.aem4 : UARTCC32XX.oem4 (.text:readTaskCallback)
                  010173aa    0000007a     rtsv7M4_T_le_eabi.lib : memset_t2.obj (.text)
                  01017424    00000078     drivers_cc32xx.aem4 : GPIOCC32XX.oem4 (.text:GPIO_hwiIntFxn)
                  0101749c    00000078                         : PowerCC32XX.oem4 (.text:Power_init)
                  01017514    00000078     simplelink.a : sl_socket.obj (.text:sl_Socket)
                  0101758c    00000076     ota_archive.obj (.text:OtaArchive_Rollback)
                  01017602    00000006     drivers_cc32xx.aem4 : I2CCC32XX.oem4 (.text:I2CCC32XX_control)
                  01017608    00000075     sysbios.aem4 : BIOS.obj (.text:xdc_runtime_System_formatNum__I)
                  0101767d    00000003     --HOLE-- [fill = 0]
                  01017680    00000074     ota_archive.obj (.text:OtaArchive_Commit)
                  010176f4    00000074     drivers_cc32xx.aem4 : UARTCC32XX.oem4 (.text:UARTCC32XX_hwiIntFxn)
                  01017768    00000074     link_local_task.obj (.text:httpPostHandler)
                  010177dc    00000004     release_pem4.oem4 (.text:ti_sysbios_BIOS_RtsGateProxy_leave__E)
                  010177e0    00000074     sysbios.aem4 : BIOS.obj (.text:ti_sysbios_knl_Mailbox_pend__E)
                  01017854    00000004     release_pem4.oem4 (.text:ti_sysbios_family_arm_m3_Hwi_delete)
                  01017858    00000074     sysbios.aem4 : BIOS.obj (.text:xdc_runtime_Core_deleteObject__I)
                  010178cc    00000071     link_local_task.obj (.text:NetAppRequestErrorResponse)
                  0101793d    00000001     --HOLE-- [fill = 0]
                  0101793e    00000070     json.a : utils.obj (.text:CopyAndInvalidateSingleValue)
                  010179ae    00000070            : parse_common.obj (.text:IgnoreCurrentAndHigherNestingLeaves)
                  01017a1e    00000002     --HOLE-- [fill = 0]
                  01017a20    00000070     sysbios.aem4 : BIOS.obj (.text:acquireMutexNone$45)
                  01017a90    00000070                  : BIOS.obj (.text:ti_sysbios_heaps_HeapMem_initPrimary__I)
                  01017b00    00000070                  : BIOS.obj (.text:ti_sysbios_knl_Mailbox_Instance_finalize__E)
                  01017b70    0000006c     link_local_task.obj (.text:BME280_Reading)
                  01017bdc    0000006c     drivers_cc32xx.aem4 : CryptoCC32XX.oem4 (.text:CryptoCC32XX_aesIntHandler)
                  01017c48    0000006c                         : CryptoCC32XX.oem4 (.text:CryptoCC32XX_shamd5IntHandler)
                  01017cb4    0000006c     json.a : json_engine.obj (.text:GetString)
                  01017d20    0000006c     ota_json.obj (.text:OtaJson_FindEndObject)
                  01017d8c    0000006c     ota_json.obj (.text:OtaJson_getSha256Digest)
                  01017df8    0000006c     simplelink.a : device.obj (.text:_SlDeviceHandleResetRequestInternally)
                  01017e64    0000006c                  : driver.obj (.text:_SlDrvCmdSend_noLock)
                  01017ed0    0000006c                  : netapp.obj (.text:_SlNetAppSendTokenValue)
                  01017f3c    0000006c     link_local_task.obj (.text:httpCheckContentInDB)
                  01017fa8    0000006c     sysbios.aem4 : BIOS.obj (.text:ti_sysbios_knl_Clock_workFunc__E)
                  01018014    00000004     release_pem4.oem4 (.text:ti_sysbios_family_arm_m3_TaskSupport_Module__startupDone__S)
                  01018018    0000006c     sysbios.aem4 : BIOS.obj (.text:ti_sysbios_knl_Swi_restoreHwi__E)
                  01018084    0000006a     json.a : parse_common.obj (.text:SmAddDefaultArrayValue_DecreaseNestingAndPop)
                  010180ee    0000006a            : json_engine.obj (.text:__JSON_Parse)
                  01018158    00000068     simplelink.a : device.obj (.text:_SlDeviceHandleAsync_Stop)
                  010181c0    00000068                  : sl_socket.obj (.text:_SlSocketHandleAsync_Accept)
                  01018228    00000068     rtsv7M4_T_le_eabi.lib : copy_decompress_lzss.obj (.text:decompress:lzss)
                  01018290    00000068     drivers_cc32xx.aem4 : I2CCC32XX.oem4 (.text:initHw)
                  010182f8    00000068     main_tirtos.obj (.text:main)
                  01018360    00000066     ota_archive.obj (.text:OtaArchive_ParseOctec)
                  010183c6    00000066     driverlib.a : shamd5.obj (.text:SHAMD5ResultWrite)
                  0101842c    00000066     drivers_cc32xx.aem4 : UARTCC32XX.oem4 (.text:UARTCC32XX_writeCancel)
                  01018492    00000002     --HOLE-- [fill = 0]
                  01018494    00000064                         : GPIOCC32XX.oem4 (.text:GPIO_toggle)
                  010184f8    00000064     ota_json.obj (.text:OtaJson_getFilename)
                  0101855c    00000064     drivers_cc32xx.aem4 : PowerCC32XX.oem4 (.text:PowerCC32XX_setParkState)
                  010185c0    00000064     sysbios.aem4 : BIOS.obj (.text:pthread_mutex_init)
                  01018624    00000004     release_pem4.oem4 (.text:ti_sysbios_gates_GateMutex_delete)
                  01018628    00000064     sysbios.aem4 : BIOS.obj (.text:ti_sysbios_family_arm_m3_Hwi_dispatchC__I)
                  0101868c    00000004     release_pem4.oem4 (.text:ti_sysbios_heaps_HeapMem_Module_GateProxy_enter__E)
                  01018690    00000064     sysbios.aem4 : BIOS.obj (.text:ti_sysbios_knl_Semaphore_post__E)
                  010186f4    00000062     drivers_cc32xx.aem4 : UARTCC32XX.oem4 (.text:UARTCC32XX_writePolling)
                  01018756    00000002     --HOLE-- [fill = 0]
                  01018758    00000060     driverlib.a : prcm.obj (.text:PRCMSysResetCauseGet)
                  010187b8    00000060     rtsv7M4_T_le_eabi.lib : sprintf.obj (.text)
                  01018818    00000060     sysbios.aem4 : BIOS.obj (.text:ti_sysbios_knl_Swi_run__I)
                  01018878    0000005c     drivers_cc32xx.aem4 : CryptoCC32XX.oem4 (.text:CryptoCC32XX_desIntHandler)
                  010188d4    0000005c     ota_json.obj (.text:OtaJson_destroy)
                  01018930    0000005c     json.a : utils.obj (.text:PathParserRewind)
                  0101898c    0000005c     drivers_cc32xx.aem4 : PowerCC32XX.oem4 (.text:Power_setDependency)
                  010189e8    0000005c     rtsv7M4_T_le_eabi.lib : s_frexp.obj (.text)
                  01018a44    00000004     release_pem4.oem4 (.text:ti_sysbios_heaps_HeapMem_Module_GateProxy_leave__E)
                  01018a48    0000005c     sysbios.aem4 : BIOS.obj (.text:ti_sysbios_family_arm_m3_Timer_start__E)
                  01018aa4    00000004     release_pem4.oem4 (.text:ti_sysbios_knl_Clock_TimerProxy_getMaxTicks__E)
                  01018aa8    0000005c     sysbios.aem4 : BIOS.obj (.text:ti_sysbios_knl_Swi_schedule__I)
                  01018b04    00000004     release_pem4.oem4 (.text:ti_sysbios_knl_Clock_TimerProxy_setPeriodMicroSecs__E)
                  01018b08    0000005c     sysbios.aem4 : BIOS.obj (.text:ti_sysbios_knl_Task_unblockI__E)
                  01018b64    00000004     release_pem4.oem4 (.text:ti_sysbios_knl_Clock_TimerProxy_start__E)
                  01018b68    0000005c     sysbios.aem4 : BIOS.obj (.text:xdc_runtime_Startup_exec__E)
                  01018bc4    00000004     release_pem4.oem4 (.text:ti_sysbios_knl_Clock_TimerProxy_stop__E)
                  01018bc8    0000005a     sysbios.aem4 : BIOS.obj (.text:mq_timedreceive)
                  01018c22    00000006     dpl_cc32xx.aem4 : MutexP_tirtos.oem4 (.text:MutexP_Params_init)
                  01018c28    0000005a     sysbios.aem4 : BIOS.obj (.text:mq_timedsend)
                  01018c82    00000002     --HOLE-- [fill = 0]
                  01018c84    00000058     drivers_cc32xx.aem4 : GPIOCC32XX.oem4 (.text:GPIO_setCallback)
                  01018cdc    00000058                         : GPIOCC32XX.oem4 (.text:GPIO_write)
                  01018d34    00000058     json.a : json.obj (.text:Json_getValue)
                  01018d8c    00000058     driverlib.a : prcm.obj (.text:PRCMPeripheralReset)
                  01018de4    00000058     drivers_cc32xx.aem4 : PowerCC32XX.oem4 (.text:Power_releaseDependency)
                  01018e3c    00000058     provisioning_task.obj (.text:ReportSM)
                  01018e94    00000058     simplelink.a : sl_socket.obj (.text:_SlDrvClearCtrlSocket)
                  01018eec    00000058     provisioning_task.obj (.text:provisioningInit)
                  01018f44    00000058     simplelink.a : sl_socket.obj (.text:sl_Listen)
                  01018f9c    00000004     release_pem4.oem4 (.text:ti_sysbios_knl_Clock_delete)
                  01018fa0    00000058     sysbios.aem4 : BIOS.obj (.text:ti_sysbios_family_arm_cc32xx_Seconds_getCount__I)
                  01018ff8    00000054     uart_term.obj (.text:InitTerm)
                  0101904c    00000054     json.a : utils.obj (.text:IsIntermediateSubsegment)
                  010190a0    00000054     ota_json.obj (.text:OtaJson_getBundleField)
                  010190f4    00000054     ota_json.obj (.text:OtaJson_getCertificate)
                  01019148    00000054     ota_json.obj (.text:OtaJson_getSecureField)
                  0101919c    00000054     rtsv7M4_T_le_eabi.lib : ltoa.obj (.text)
                  010191f0    00000054     release_pem4.oem4 (.text:ti_sysbios_family_arm_m3_Hwi_create)
                  01019244    00000004     release_pem4.oem4 (.text:ti_sysbios_knl_Semaphore_delete)
                  01019248    00000054     sysbios.aem4 : BIOS.obj (.text:ti_sysbios_family_arm_m3_Timer_setPeriod__E)
                  0101929c    00000054     release_pem4.oem4 (.text:ti_sysbios_knl_Mailbox_create)
                  010192f0    00000054     sysbios.aem4 : BIOS.obj (.text:timer_gettime)
                  01019344    00000004     release_pem4.oem4 (.text:ti_sysbios_knl_Task_delete)
                  01019348    00000054     sysbios.aem4 : BIOS.obj (.text:xdc_runtime_Core_assignLabel__I)
                  0101939c    00000052     drivers_cc32xx.aem4 : PowerCC32XX.oem4 (.text:PowerCC32XX_parkPin)
                  010193ee    00000052                         : PowerCC32XX_asm.oem4 (.text:PowerCC32XX_resumeLPDS)
                  01019440    00000052     driverlib.a : shamd5.obj (.text:SHAMD5ConfigSet)
                  01019492    00000052     json.a : parse_common.obj (.text:SmIncreaseNestingIntoObject)
                  010194e4    00000050            : parse_common.obj (.text:IsRawTypeExpected)
                  01019534    00000050     simplelink.a : cc_pal.obj (.text:NwpRegisterInterruptHandler)
                  01019584    00000050     driverlib.a : prcm.obj (.text:PRCMOCRRegisterWrite)
                  010195d4    00000050     ota_archive.obj (.text:_BundleCmdFile_GetInfoByFileName)
                  01019624    00000050     simplelink.a : driver.obj (.text:_SlDrvRxIrqHandler)
                  01019674    00000050                  : eventreg.obj (.text:_SlNetAppHttpServerHdlr)
                  010196c4    00000050                  : eventreg.obj (.text:_SlNetAppRequestHdlr)
                  01019714    00000050     link_local_task.obj (.text:convertHeaderType2Text)
                  01019764    00000050     link_local_task.obj (.text:preparePostMetadata)
                  010197b4    00000050     simplelink.a : cc_pal.obj (.text:spi_Open)
                  01019804    00000004     release_pem4.oem4 (.text:xdc_runtime_System_Module_GateProxy_enter__E)
                  01019808    00000050     sysbios.aem4 : BIOS.obj (.text:ti_sysbios_family_arm_cc32xx_Seconds_getTime__E)
                  01019858    00000050                  : BIOS.obj (.text:ti_sysbios_family_arm_m3_Hwi_Module_startup__E)
                  010198a8    00000050                  : BIOS.obj (.text:ti_sysbios_knl_Clock_Instance_init__E)
                  010198f8    00000050     release_pem4.oem4 (.text:ti_sysbios_knl_Task_create)
                  01019948    0000004c     bme280.obj (.text:BME280_writeReg)
                  01019994    0000004c     drivers_cc32xx.aem4 : GPIOCC32XX.oem4 (.text:GPIO_disableInt)
                  010199e0    0000004c                         : GPIOCC32XX.oem4 (.text:GPIO_enableInt)
                  01019a2c    0000004c                         : I2CCC32XX.oem4 (.text:I2CCC32XX_completeTransfer)
                  01019a78    0000004c     simplelink.a : cc_pal.obj (.text:NwpWaitForShutDownInd)
                  01019ac4    0000004c     ota_archive.obj (.text:OtaArchive_Abort)
                  01019b10    0000004c     simplelink.a : driver.obj (.text:_SlDrvCmdSend_noWait)
                  01019b5c    0000004c                  : driver.obj (.text:_SlDrvProtectAsyncRespSetting)
                  01019ba8    0000004c     drivers_cc32xx.aem4 : PowerCC32XX.oem4 (.text:restorePeriphClocks)
                  01019bf4    0000004c     rtsv7M4_T_le_eabi.lib : atoi.obj (.text)
                  01019c40    0000004c                           : atol.obj (.text)
                  01019c8c    0000004c                           : cpy_tbl.obj (.text)
                  01019cd8    0000004c     simplelink.a : netapp.obj (.text:sl_NetAppMDNSUnRegisterService)
                  01019d24    0000004c                  : wlan.obj (.text:sl_WlanSetMode)
                  01019d70    0000004c     sysbios.aem4 : m3_TaskSupport_asm.obj (.text:ti_sysbios_family_arm_m3_TaskSupport_buildTaskStack)
                  01019dbc    00000004     release_pem4.oem4 (.text:xdc_runtime_System_Module_GateProxy_leave__E)
                  01019dc0    0000004c     sysbios.aem4 : BIOS.obj (.text:ti_sysbios_heaps_HeapMem_getStats__E)
                  01019e0c    00000004     --HOLE-- [fill = 0]
                  01019e10    0000004c                  : BIOS.obj (.text:ti_sysbios_knl_Swi_runLoop__I)
                  01019e5c    00000004     --HOLE-- [fill = 0]
                  01019e60    0000004c                  : BIOS.obj (.text:ti_sysbios_knl_Task_allBlockedFunction__I)
                  01019eac    0000004a     driverlib.a : shamd5.obj (.text:SHAMD5DataWrite)
                  01019ef6    00000002     --HOLE-- [fill = 0]
                  01019ef8    00000048     bme280.obj (.text:BME280_readReg)
                  01019f40    00000048     dpl_cc32xx.aem4 : ClockP_tirtos.oem4 (.text:ClockP_create)
                  01019f88    00000048     driverlib.a : flash.obj (.text:FlashDisable)
                  01019fd0    00000048                 : prcm.obj (.text:PRCMLPDSEnter)
                  0101a018    00000048                 : prcm.obj (.text:PRCMPeripheralClkEnable)
                  0101a060    00000048     drivers_cc32xx.aem4 : PowerCC32XX.oem4 (.text:Power_releaseConstraint)
                  0101a0a8    00000048     simplelink.a : eventreg.obj (.text:_SlDeviceFatalErrorEvtHdlr)
                  0101a0f0    00000048                  : eventreg.obj (.text:_SlDeviceGeneralEvtHdlr)
                  0101a138    00000048                  : driver.obj (.text:_SlDrvSyncObjWaitTimeout)
                  0101a180    00000048                  : eventreg.obj (.text:_SlNetAppEvtHdlr)
                  0101a1c8    00000048                  : eventreg.obj (.text:_SlNetAppRequestMemFree)
                  0101a210    00000048                  : eventreg.obj (.text:_SlSockEvtHdlr)
                  0101a258    00000048                  : eventreg.obj (.text:_SlWlanEvtHdlr)
                  0101a2a0    00000048     link_local_task.obj (.text:otaFlushNetappReq)
                  0101a2e8    00000048     rtsv7M4_T_le_eabi.lib : fd_toi_t2.obj (.text)
                  0101a330    00000048     sysbios.aem4 : BIOS.obj (.text:ti_sysbios_family_arm_m3_Hwi_disableInterrupt__E)
                  0101a378    00000048                  : BIOS.obj (.text:ti_sysbios_family_arm_m3_Hwi_enableInterrupt__E)
                  0101a3c0    00000048                  : m3_Hwi_asm_switch.obj (.text:ti_sysbios_family_arm_m3_Hwi_initStacks__E)
                  0101a408    00000048                  : BIOS.obj (.text:ti_sysbios_family_arm_m3_Timer_initDevice__I)
                  0101a450    00000048                  : BIOS.obj (.text:ti_sysbios_knl_Mailbox_Module_startup__E)
                  0101a498    00000048                  : BIOS.obj (.text:ti_sysbios_knl_Task_deleteTerminatedTasksFunc__I)
                  0101a4e0    00000046     drivers_cc32xx.aem4 : RingBuf.oem4 (.text:RingBuf_put)
                  0101a526    00000002     --HOLE-- [fill = 0]
                  0101a528    00000046     sysbios.aem4 : BIOS.obj (.text:xdc_runtime_Core_assignParams__I)
                  0101a56e    00000002     --HOLE-- [fill = 0]
                  0101a570    00000044     drivers_cc32xx.aem4 : I2C.oem4 (.text:I2C_init)
                  0101a5b4    00000044     json.a : json.obj (.text:Json_destroyTemplate)
                  0101a5f8    00000044     driverlib.a : prcm.obj (.text:PRCMLPDSRestoreInfoSet)
                  0101a63c    00000044     drivers_cc32xx.aem4 : PowerCC32XX_asm.oem4 (.text:PowerCC32XX_enterLPDS)
                  0101a680    00000044                         : SPI.oem4 (.text:SPI_init)
                  0101a6c4    00000044     iot_humidifier.obj (.text:SimpleLinkHttpServerEventHandler)
                  0101a708    00000044     drivers_cc32xx.aem4 : UART.oem4 (.text:UART_init)
                  0101a74c    00000044     boot.aem4 : boot.oem4 (.text)
                  0101a790    00000044     drivers_cc32xx.aem4 : PowerCC32XX.oem4 (.text:notify)
                  0101a7d4    00000044     rtsv7M4_T_le_eabi.lib : fd_tou_t2.obj (.text)
                  0101a818    00000044     sysbios.aem4 : BIOS.obj (.text:ti_sysbios_family_arm_m3_Hwi_getStackInfo__E)
                  0101a85c    00000004     --HOLE-- [fill = 0]
                  0101a860    00000044                  : BIOS.obj (.text:ti_sysbios_knl_Mailbox_postInit__I)
                  0101a8a4    00000004     --HOLE-- [fill = 0]
                  0101a8a8    00000044                  : BIOS.obj (.text:ti_sysbios_knl_Swi_post__E)
                  0101a8ec    00000004     --HOLE-- [fill = 0]
                  0101a8f0    00000044                  : BIOS.obj (.text:xdc_runtime_System_atexit__E)
                  0101a934    00000042     json.a : json_engine.obj (.text:GetStringLength)
                  0101a976    00000042     ota_archive.obj (.text:OtaArchive_GetCurrentVersion)
                  0101a9b8    00000042     json.a : json.obj (.text:SkipWS)
                  0101a9fa    00000040     simplelink.a : sl_socket.obj (.text:CountSetBits)
                  0101aa3a    00000040     json.a : json_engine.obj (.text:EnforceSizeLimitations)
                  0101aa7a    00000002     --HOLE-- [fill = 0]
                  0101aa7c    00000040     dpl_cc32xx.aem4 : HwiP_tirtos.oem4 (.text:HwiP_create)
                  0101aabc    00000040     driverlib.a : pin.obj (.text:PinModeSet)
                  0101aafc    00000040     drivers_cc32xx.aem4 : RingBuf.oem4 (.text:RingBuf_get)
                  0101ab3c    00000040                         : UARTCC32XX.oem4 (.text:UARTCC32XX_read)
                  0101ab7c    00000040                         : UDMACC32XX.oem4 (.text:UDMACC32XX_init)
                  0101abbc    00000040     simplelink.a : driver.obj (.text:_SlDrvCmdSend)
                  0101abfc    00000040                  : driver.obj (.text:_SlDrvGlobalObjUnLock)
                  0101ac3c    00000040                  : eventreg.obj (.text:_SlIsEventRegistered)
                  0101ac7c    00000004     --HOLE-- [fill = 0]
                  0101ac80    00000040     sysbios.aem4 : BIOS.obj (.text:mq_receive)
                  0101acc0    00000040                  : BIOS.obj (.text:pthread_mutex_unlock)
                  0101ad00    00000040     rtsv7M4_T_le_eabi.lib : strtok.obj (.text)
                  0101ad40    00000040                           : u_divt2.obj (.text)
                  0101ad80    00000040     sysbios.aem4 : BIOS.obj (.text:ti_sysbios_family_arm_cc32xx_Seconds_set__E)
                  0101adc0    00000040                  : BIOS.obj (.text:ti_sysbios_heaps_HeapMem_Instance_init__E)
                  0101ae00    0000003e     json.a : parse_common.obj (.text:ExpectCharacter)
                  0101ae3e    0000003e     ota_json.obj (.text:Str_FindChar)
                  0101ae7c    0000003e     simplelink.a : sl_socket.obj (.text:_SlSocketBuildAddress)
                  0101aeba    0000003e     release_pem4.oem4 (.text:realloc)
                  0101aef8    0000003e     sysbios.aem4 : BIOS.obj (.text:sem_timedwait)
                  0101af36    00000002     --HOLE-- [fill = 0]
                  0101af38    0000003c     drivers_cc32xx.aem4 : I2C.oem4 (.text:I2C_open)
                  0101af74    0000003c     json.a : json.obj (.text:Json_destroyObject)
                  0101afb0    0000003c     ota_archive.obj (.text:OtaArchive_CheckEndOfArchive)
                  0101afec    0000003c     drivers_cc32xx.aem4 : PowerCC32XX.oem4 (.text:Power_setConstraint)
                  0101b028    0000003c                         : SPI.oem4 (.text:SPI_open)
                  0101b064    0000003c     dpl_cc32xx.aem4 : SemaphoreP_tirtos.oem4 (.text:SemaphoreP_create)
                  0101b0a0    0000003c     drivers_cc32xx.aem4 : UART.oem4 (.text:UART_open)
                  0101b0dc    0000003c     simplelink.a : netapp.obj (.text:_SlNetAppCopyPingResultsToReport)
                  0101b118    0000003c     bme280.obj (.text:_bme280_compute_H4)
                  0101b154    0000003c     dpl_cc32xx.aem4 : PowerCC32XX_tirtos.oem4 (.text:getCountsRTC)
                  0101b190    0000003c     rtsv7M4_T_le_eabi.lib : strncasecmp.obj (.text)
                  0101b1cc    0000003c     simplelink.a : sl_socket.obj (.text:sl_Htons)
                  0101b208    0000003c     sysbios.aem4 : BIOS.obj (.text:ti_sysbios_family_arm_m3_Hwi_Instance_finalize__E)
                  0101b244    00000004     --HOLE-- [fill = 0]
                  0101b248    0000003c                  : BIOS.obj (.text:ti_sysbios_family_arm_m3_Timer_setPeriodMicroSecs__E)
                  0101b284    0000003c     release_pem4.oem4 (.text:ti_sysbios_knl_Clock_create)
                  0101b2c0    0000003c     sysbios.aem4 : BIOS.obj (.text:ti_sysbios_knl_Clock_walkQueuePeriodic__E)
                  0101b2fc    00000004     --HOLE-- [fill = 0]
                  0101b300    0000003c                  : BIOS.obj (.text:ti_sysbios_knl_Swi_restore__E)
                  0101b33c    00000004     --HOLE-- [fill = 0]
                  0101b340    0000003c                  : BIOS.obj (.text:timer_delete)
                  0101b37c    00000004     --HOLE-- [fill = 0]
                  0101b380    0000003c                  : BIOS.obj (.text:xdc_runtime_System_processAtExit__E)
                  0101b3bc    0000003a     bme280.obj (.text:_bme280_compute_H5)
                  0101b3f6    0000003a     bme280.obj (.text:_bme280_compute_S16LE)
                  0101b430    0000003a     bme280.obj (.text:_bme280_compute_U16LE)
                  0101b46a    00000002     --HOLE-- [fill = 0]
                  0101b46c    00000038     drivers_cc32xx.aem4 : GPIOCC32XX.oem4 (.text:GPIO_read)
                  0101b4a4    00000038     driverlib.a : prcm.obj (.text:PRCMLPDSEnterKeepDebugIf)
                  0101b4dc    00000038                 : prcm.obj (.text:PRCMOCRRegisterRead)
                  0101b514    00000004     --HOLE-- [fill = 0]
                  0101b518    00000038     sysbios.aem4 : BIOS.obj (.text:clock_settime)
                  0101b550    00000038     iot_humidifier.obj (.text:mcuReboot)
                  0101b588    00000038     sysbios.aem4 : BIOS.obj (.text:mq_send)
                  0101b5c0    00000038     rtsv7M4_T_le_eabi.lib : fs_tod_t2.obj (.text)
                  0101b5f8    00000038     link_local_task.obj (.text:setElementType)
                  0101b630    00000038     sysbios.aem4 : BIOS.obj (.text:ti_sysbios_knl_Task_processVitalTaskFlag__I)
                  0101b668    00000038                  : BIOS.obj (.text:usleep)
                  0101b6a0    00000036     ota_json.obj (.text:OtaJson_SkipAllSpaces)
                  0101b6d6    00000036     drivers_cc32xx.aem4 : PowerCC32XX.oem4 (.text:PowerCC32XX_restoreParkedPin)
                  0101b70c    00000036                         : UARTCC32XX.oem4 (.text:UARTCC32XX_readCancel)
                  0101b742    00000002     --HOLE-- [fill = 0]
                  0101b744    00000034     iot_humidifier.obj (.text:InitializeAppVariables)
                  0101b778    00000034     driverlib.a : pin.obj (.text:PinModeGet)
                  0101b7ac    00000034     drivers_cc32xx.aem4 : PowerCC32XX.oem4 (.text:PowerCC32XX_restoreParkState)
                  0101b7e0    00000034                         : UDMACC32XX.oem4 (.text:UDMACC32XX_close)
                  0101b814    00000034     rtsv7M4_T_le_eabi.lib : strstr.obj (.text)
                  0101b848    00000034     sysbios.aem4 : BIOS.obj (.text:ti_sysbios_family_arm_m3_Timer_periodicStub__I)
                  0101b87c    00000034     release_pem4.oem4 (.text:ti_sysbios_knl_Semaphore_create)
                  0101b8b0    00000032     drivers_cc32xx.aem4 : CryptoCC32XX.oem4 (.text:CryptoCC32XX_close)
                  0101b8e2    00000006                         : SPICC32XXDMA.oem4 (.text:SPICC32XXDMA_control)
                  0101b8e8    00000032     sysbios.aem4 : BIOS.obj (.text:ti_sysbios_hal_Hwi_initStack)
                  0101b91a    00000006     driverlib.a : utils.obj (.text:UtilsDelay)
                  0101b920    00000032     sysbios.aem4 : BIOS.obj (.text:ti_sysbios_knl_Semaphore_pendTimeout__I)
                  0101b952    00000002     --HOLE-- [fill = 0]
                  0101b954    00000030     simplelink.a : driver.obj (.text:_SlDrvSyncObjWaitForever)
                  0101b984    00000030                  : fs.obj (.text:_SlFsStrlen)
                  0101b9b4    00000004     --HOLE-- [fill = 0]
                  0101b9b8    00000030     sysbios.aem4 : BIOS.obj (.text:clockFxn$39)
                  0101b9e8    00000030                  : BIOS.obj (.text:findInList$40)
                  0101ba18    00000030     iot_humidifier.obj (.text:printBorder)
                  0101ba48    00000030     release_pem4.oem4 (.text:ti_sysbios_BIOS_atExitFunc__I)
                  0101ba78    00000030     release_pem4.oem4 (.text:ti_sysbios_BIOS_startFunc__I)
                  0101baa8    00000030     sysbios.aem4 : BIOS.obj (.text:ti_sysbios_family_arm_m3_TaskSupport_start__E)
                  0101bad8    00000030     release_pem4.oem4 (.text:ti_sysbios_gates_GateHwi_Object__create__S)
                  0101bb08    00000030     release_pem4.oem4 (.text:ti_sysbios_gates_GateMutex_Object__create__S)
                  0101bb38    00000030     release_pem4.oem4 (.text:ti_sysbios_gates_GateMutex_create)
                  0101bb68    00000030     sysbios.aem4 : BIOS.obj (.text:ti_sysbios_gates_GateMutex_enter__E)
                  0101bb98    00000030     release_pem4.oem4 (.text:ti_sysbios_heaps_HeapMem_Object__create__S)
                  0101bbc8    00000030     release_pem4.oem4 (.text:ti_sysbios_knl_Clock_construct)
                  0101bbf8    00000030     release_pem4.oem4 (.text:ti_sysbios_knl_Semaphore_construct)
                  0101bc28    0000002e     json.a : parse_common.obj (.text:Real_Calculate)
                  0101bc56    0000002e     driverlib.a : shamd5.obj (.text:SHAMD5HMACKeySet)
                  0101bc84    0000002e     json.a : utils.obj (.text:SkipWhitespace)
                  0101bcb2    0000002e     rtsv7M4_T_le_eabi.lib : i_tofd_t2.obj (.text)
                  0101bce0    0000002e     release_pem4.oem4 (.text:ti_sysbios_rts_gnu_MemAlloc_alloc)
                  0101bd0e    00000002     --HOLE-- [fill = 0]
                  0101bd10    0000002c     drivers_cc32xx.aem4 : GPIOCC32XX.oem4 (.text:GPIO_clearInt)
                  0101bd3c    0000002c     simplelink.a : cc_pal.obj (.text:NwpPowerOn)
                  0101bd68    0000002c     drivers_cc32xx.aem4 : PowerCC32XX.oem4 (.text:PowerCC32XX_getParkState)
                  0101bd94    0000002c     dpl_cc32xx.aem4 : SemaphoreP_tirtos.oem4 (.text:SemaphoreP_createBinary)
                  0101bdc0    0000002c     simplelink.a : cc_pal.obj (.text:Semaphore_create_handle)
                  0101bdec    0000002c     rtsv7M4_T_le_eabi.lib : strncmp.obj (.text)
                  0101be18    0000002c     release_pem4.oem4 (.text:ti_sysbios_knl_Clock_doTick__I)
                  0101be44    00000004     --HOLE-- [fill = 0]
                  0101be48    0000002c     sysbios.aem4 : BIOS.obj (.text:ti_sysbios_knl_Clock_getTimeout__E)
                  0101be74    0000002c     release_pem4.oem4 (.text:ti_sysbios_knl_Queue_construct)
                  0101bea0    0000002c     sysbios.aem4 : BIOS.obj (.text:ti_sysbios_knl_Task_restore__E)
                  0101becc    0000002a     rtsv7M4_T_le_eabi.lib : strspn.obj (.text)
                  0101bef6    00000002     --HOLE-- [fill = 0]
                  0101bef8    0000002a     sysbios.aem4 : BIOS.obj (.text:sem_init)
                  0101bf22    00000006     --HOLE-- [fill = 0]
                  0101bf28    0000002a                  : BIOS.obj (.text:xdc_runtime_System_putchar__I)
                  0101bf52    00000028     drivers_cc32xx.aem4 : CryptoCC32XX.oem4 (.text:CryptoCC32XX_register)
                  0101bf7a    00000002     --HOLE-- [fill = 0]
                  0101bf7c    00000028     driverlib.a : prcm.obj (.text:PRCMPeripheralClkDisable)
                  0101bfa4    00000028     platform.obj (.text:Platform_TimerStop)
                  0101bfcc    00000028     dpl_cc32xx.aem4 : PowerCC32XX_tirtos.oem4 (.text:PowerCC32XX_initPolicy)
                  0101bff4    00000028     drivers_cc32xx.aem4 : PowerCC32XX.oem4 (.text:Power_registerNotify)
                  0101c01c    00000028     provisioning_task.obj (.text:SignalProvisioningEvent)
                  0101c044    00000028     json.a : parse_common.obj (.text:SmNextArrayValue)
                  0101c06c    00000028     provisioning_task.obj (.text:StartAsyncEvtTimer)
                  0101c094    00000028     provisioning_task.obj (.text:StartLedEvtTimer)
                  0101c0bc    00000028     provisioning_task.obj (.text:StopAsyncEvtTimer)
                  0101c0e4    00000028     provisioning_task.obj (.text:StopLedEvtTimer)
                  0101c10c    00000028     simplelink.a : driver.obj (.text:_SlDrvProtectionObjLockWaitForever)
                  0101c134    00000028                  : driver.obj (.text:_SlDrvProtectionObjUnLock)
                  0101c15c    00000028                  : driver.obj (.text:_SlDrvUpdateApiInProgress)
                  0101c184    00000028                  : flowcont.obj (.text:_SlFlowContSet)
                  0101c1ac    00000004     --HOLE-- [fill = 0]
                  0101c1b0    00000028     sysbios.aem4 : BIOS.obj (.text:ti_sysbios_knl_Clock_addI__E)
                  0101c1d8    00000028                  : BIOS.obj (.text:ti_sysbios_knl_Swi_Module_startup__E)
                  0101c200    00000026     drivers_cc32xx.aem4 : List.oem4 (.text:List_put)
                  0101c226    00000002     --HOLE-- [fill = 0]
                  0101c228    00000024     bme280.obj (.text:BME280_init)
                  0101c24c    00000024     bme280.obj (.text:BME280_read)
                  0101c270    00000024     simplelink.a : cc_pal.obj (.text:Mutex_create_handle)
                  0101c294    00000024     json.a : utils.obj (.text:UpdateBestCaseRc)
                  0101c2b8    00000024     simplelink.a : driver.obj (.text:_SlDrvIsApiInProgress)
                  0101c2dc    00000024                  : driver.obj (.text:_SlDrvStartMeasureTimeout)
                  0101c300    00000024     sysbios.aem4 : BIOS.obj (.text:pthread_attr_init)
                  0101c324    00000024     rtsv7M4_T_le_eabi.lib : memcmp.obj (.text)
                  0101c348    00000024                           : memmov.obj (.text)
                  0101c36c    00000024                           : strcspn.obj (.text)
                  0101c390    00000024     release_pem4.oem4 (.text:ti_sysbios_BIOS_registerRTSLock__I)
                  0101c3b4    00000024     release_pem4.oem4 (.text:ti_sysbios_BIOS_removeRTSLock__I)
                  0101c3d8    00000024     sysbios.aem4 : BIOS.obj (.text:ti_sysbios_family_arm_m3_Timer_Module_startup__E)
                  0101c3fc    00000004     --HOLE-- [fill = 0]
                  0101c400    00000024                  : BIOS.obj (.text:ti_sysbios_family_arm_m3_Timer_postInit__I)
                  0101c424    00000004     --HOLE-- [fill = 0]
                  0101c428    00000024                  : BIOS.obj (.text:ti_sysbios_family_arm_m3_Timer_startup__E)
                  0101c44c    00000024     release_pem4.oem4 (.text:ti_sysbios_gates_GateMutex_Object__delete__S)
                  0101c470    00000024     sysbios.aem4 : BIOS.obj (.text:ti_sysbios_knl_Clock_Module_startup__E)
                  0101c494    00000024     release_pem4.oem4 (.text:ti_sysbios_knl_Clock_Object__delete__S)
                  0101c4b8    00000024     sysbios.aem4 : BIOS.obj (.text:ti_sysbios_knl_Clock_start__E)
                  0101c4dc    00000004     --HOLE-- [fill = 0]
                  0101c4e0    00000024                  : BIOS.obj (.text:ti_sysbios_knl_Semaphore_Instance_init__E)
                  0101c504    00000024     release_pem4.oem4 (.text:ti_sysbios_knl_Semaphore_Object__delete__S)
                  0101c528    00000024     sysbios.aem4 : BIOS.obj (.text:ti_sysbios_knl_Task_restoreHwi__E)
                  0101c54c    00000004     --HOLE-- [fill = 0]
                  0101c550    00000024                  : BIOS.obj (.text:xdc_runtime_Error_policyMin__E)
                  0101c574    00000004     --HOLE-- [fill = 0]
                  0101c578    00000024                  : BIOS.obj (.text:xdc_runtime_System_vprintf__E)
                  0101c59c    00000022     json.a : parse_common.obj (.text:InvalidateLatestValue)
                  0101c5be    00000020     platform.obj (.text:Platform_TimerInit)
                  0101c5de    00000002     --HOLE-- [fill = 0]
                  0101c5e0    00000020     drivers_cc32xx.aem4 : PowerCC32XX.oem4 (.text:Power_unregisterNotify)
                  0101c600    00000020                         : RingBuf.oem4 (.text:RingBuf_peek)
                  0101c620    00000020     json.a : utils.obj (.text:SizeOfTemplateEntry)
                  0101c640    00000020            : parse_common.obj (.text:SmIncorporateArrayDefaultValue)
                  0101c660    00000020     simplelink.a : driver.obj (.text:_SlDrvObjLockWaitForever)
                  0101c680    00000020                  : driver.obj (.text:_SlDrvObjUnLock)
                  0101c6a0    00000020     drivers_cc32xx.aem4 : SPICC32XXDMA.oem4 (.text:getPowerMgrId)
                  0101c6c0    00000020                         : UARTCC32XX.oem4 (.text:getPowerMgrId)
                  0101c6e0    00000020     release_pem4.oem4 (.text:ti_sysbios_BIOS_rtsLock__I)
                  0101c700    00000020     release_pem4.oem4 (.text:ti_sysbios_family_arm_m3_Hwi_Object__delete__S)
                  0101c720    00000020     sysbios.aem4 : BIOS.obj (.text:ti_sysbios_family_arm_m3_Hwi_clearInterrupt__E)
                  0101c740    00000020                  : m3_Hwi_asm.obj (.text:ti_sysbios_family_arm_m3_Hwi_excHandlerAsm__I)
                  0101c760    00000020                  : BIOS.obj (.text:ti_sysbios_family_arm_m3_Hwi_excHandler__I)
                  0101c780    00000020     release_pem4.oem4 (.text:ti_sysbios_gates_GateHwi_Object__delete__S)
                  0101c7a0    00000020     release_pem4.oem4 (.text:ti_sysbios_heaps_HeapMem_Object__delete__S)
                  0101c7c0    00000020     release_pem4.oem4 (.text:ti_sysbios_knl_Clock_destruct)
                  0101c7e0    00000020     sysbios.aem4 : BIOS.obj (.text:ti_sysbios_knl_Idle_run__E)
                  0101c800    00000020     release_pem4.oem4 (.text:ti_sysbios_knl_Semaphore_destruct)
                  0101c820    00000020     release_pem4.oem4 (.text:ti_sysbios_knl_Task_Object__delete__S)
                  0101c840    0000001e     json.a : parse_common.obj (.text:Real_PreAnalyzeNumber)
                  0101c85e    0000001e     simplelink.a : driver.obj (.text:_SlDrvSyncObjSignal)
                  0101c87c    0000001e     drivers_cc32xx.aem4 : UDMACC32XX.oem4 (.text:postNotifyFxn)
                  0101c89a    0000001e     sysbios.aem4 : m3_Hwi_asm_switch.obj (.text:ti_sysbios_family_xxx_Hwi_switchAndRunFunc)
                  0101c8b8    0000001c     uart_term.obj (.text:Message)
                  0101c8d4    0000001c     driverlib.a : pin.obj (.text:PinToPadGet)
                  0101c8f0    0000001c     simplelink.a : device.obj (.text:_SlDeviceGetStartResponseConvert)
                  0101c90c    0000001c     rtsv7M4_T_le_eabi.lib : memccpy.obj (.text)
                  0101c928    0000001c     sysbios.aem4 : BIOS.obj (.text:ti_sysbios_family_arm_m3_Timer_stop__E)
                  0101c944    00000004     --HOLE-- [fill = 0]
                  0101c948    0000001c                  : BIOS.obj (.text:ti_sysbios_gates_GateMutex_Instance_init__E)
                  0101c964    00000004     --HOLE-- [fill = 0]
                  0101c968    0000001c                  : BIOS.obj (.text:ti_sysbios_knl_Clock_Instance_finalize__E)
                  0101c984    0000001c     release_pem4.oem4 (.text:ti_sysbios_knl_Queue_destruct)
                  0101c9a0    0000001c     sysbios.aem4 : BIOS.obj (.text:ti_sysbios_knl_Queue_get__E)
                  0101c9bc    00000004     --HOLE-- [fill = 0]
                  0101c9c0    0000001c                  : BIOS.obj (.text:ti_sysbios_knl_Queue_put__E)
                  0101c9dc    00000004     --HOLE-- [fill = 0]
                  0101c9e0    0000001c                  : BIOS.obj (.text:ti_sysbios_knl_Task_enter__I)
                  0101c9fc    00000004     --HOLE-- [fill = 0]
                  0101ca00    0000001c                  : BIOS.obj (.text:timerThreadFxn$51)
                  0101ca1c    0000001a                  : m3_Hwi_asm.obj (.text:ti_sysbios_family_arm_m3_Hwi_pendSV__I)
                  0101ca36    00000002     --HOLE-- [fill = 0]
                  0101ca38    0000001a                  : BIOS.obj (.text:ti_sysbios_knl_Task_sleepTimeout__I)
                  0101ca52    0000001a     release_pem4.oem4 (.text:xdc_runtime_System_printf__E)
                  0101ca6c    00000018     iot_humidifier.obj (.text:GPIO_clearAndEnable)
                  0101ca84    00000018     ota_archive.obj (.text:OtaArchive_CloseAbort)
                  0101ca9c    00000018     drivers_cc32xx.aem4 : PowerCC32XX.oem4 (.text:Power_idleFunc)
                  0101cab4    00000018     driverlib.a : uart.obj (.text:UARTBusy)
                  0101cacc    00000018                 : uart.obj (.text:UARTIntEnable)
                  0101cae4    00000018     drivers_cc32xx.aem4 : UART.oem4 (.text:UART_Params_init)
                  0101cafc    00000018     release_pem4.oem4 (.text:free)
                  0101cb14    00000018     uart_term.obj (.text:putch)
                  0101cb2c    00000018     rtsv7M4_T_le_eabi.lib : args_main.obj (.text)
                  0101cb44    00000018                           : ll_mul_t2.obj (.text)
                  0101cb5c    00000018                           : strcmp.obj (.text)
                  0101cb74    00000018     release_pem4.oem4 (.text:ti_sysbios_BIOS_rtsUnlock__I)
                  0101cb8c    00000018     release_pem4.oem4 (.text:ti_sysbios_family_arm_m3_Hwi_Module__startupDone__F)
                  0101cba4    00000018     release_pem4.oem4 (.text:ti_sysbios_family_arm_m3_Timer_Module__startupDone__F)
                  0101cbbc    00000018     release_pem4.oem4 (.text:ti_sysbios_gates_GateHwi_Handle__label__S)
                  0101cbd4    00000018     release_pem4.oem4 (.text:ti_sysbios_gates_GateMutex_Handle__label__S)
                  0101cbec    00000004     --HOLE-- [fill = 0]
                  0101cbf0    00000018     sysbios.aem4 : BIOS.obj (.text:ti_sysbios_gates_GateMutex_leave__E)
                  0101cc08    00000018     release_pem4.oem4 (.text:ti_sysbios_heaps_HeapMem_Handle__label__S)
                  0101cc20    00000018     sysbios.aem4 : BIOS.obj (.text:ti_sysbios_rts_ti_ReentSupport_getReent__F)
                  0101cc38    00000018     release_pem4.oem4 (.text:ti_sysbios_rts_ti_ReentSupport_getTlsAddr__I)
                  0101cc50    00000018     sysbios.aem4 : BIOS.obj (.text:xdc_runtime_Error_init__E)
                  0101cc68    00000018                  : BIOS.obj (.text:xdc_runtime_System_exit__E)
                  0101cc80    00000016     drivers_cc32xx.aem4 : CryptoCC32XX.oem4 (.text:CryptoCC32XX_HmacParams_init)
                  0101cc96    00000016                         : List.oem4 (.text:List_remove)
                  0101ccac    00000016     ota_json.obj (.text:OtaJson_FindStartObject)
                  0101ccc2    00000016     driverlib.a : prcm.obj (.text:PRCMHIBRegRead)
                  0101ccd8    00000016                 : prcm.obj (.text:PRCMHIBRegWrite)
                  0101ccee    00000016     simplelink.a : driver.obj (.text:_SlDrvMemZero)
                  0101cd04    00000016     rtsv7M4_T_le_eabi.lib : strchr.obj (.text)
                  0101cd1a    00000016     release_pem4.oem4 (.text:ti_sysbios_BIOS_exitFunc__I)
                  0101cd30    00000016     sysbios.aem4 : BIOS.obj (.text:timerFxn$51)
                  0101cd46    00000014     provisioning_task.obj (.text:AsyncEvtTimerIntHandler)
                  0101cd5a    00000002     --HOLE-- [fill = 0]
                  0101cd5c    00000014     provisioning_task.obj (.text:GetProvisioningState)
                  0101cd70    00000014     drivers_cc32xx.aem4 : PowerCC32XX.oem4 (.text:Power_getDependencyCount)
                  0101cd84    00000014     driverlib.a : shamd5.obj (.text:SHAMD5ReadDigestCount)
                  0101cd98    00000014     drivers_cc32xx.aem4 : SPI.oem4 (.text:SPI_Params_init)
                  0101cdac    00000004     --HOLE-- [fill = 0]
                  0101cdb0    00000014     sysbios.aem4 : BIOS.obj (.text:pthread_attr_setschedparam)
                  0101cdc4    00000014     drivers_cc32xx.aem4 : UARTCC32XX.oem4 (.text:releasePowerConstraint)
                  0101cdd8    00000014     rtsv7M4_T_le_eabi.lib : _lock.obj (.text)
                  0101cdec    00000014                           : strcpy.obj (.text)
                  0101ce00    00000014                           : strlen.obj (.text)
                  0101ce14    00000014     release_pem4.oem4 (.text:ti_sysbios_family_arm_m3_Hwi_Object__get__S)
                  0101ce28    00000014     sysbios.aem4 : BIOS.obj (.text:ti_sysbios_family_arm_m3_Hwi_switchFromBootStack__E)
                  0101ce3c    00000014     release_pem4.oem4 (.text:ti_sysbios_heaps_HeapMem_Object__get__S)
                  0101ce50    00000014     sysbios.aem4 : BIOS.obj (.text:ti_sysbios_knl_Clock_tickReconfig__E)
                  0101ce64    00000014     release_pem4.oem4 (.text:ti_sysbios_knl_Swi_Object__get__S)
                  0101ce78    00000014     release_pem4.oem4 (.text:ti_sysbios_knl_Task_Object__first__S)
                  0101ce8c    00000014     release_pem4.oem4 (.text:ti_sysbios_knl_Task_Object__next__S)
                  0101cea0    00000012     drivers_cc32xx.aem4 : RingBuf.oem4 (.text:RingBuf_construct)
                  0101ceb2    00000012     driverlib.a : shamd5.obj (.text:SHAMD5DataLengthSet)
                  0101cec4    00000012                 : shamd5.obj (.text:SHAMD5WriteDigestCount)
                  0101ced6    00000012     dpl_cc32xx.aem4 : SemaphoreP_tirtos.oem4 (.text:SemaphoreP_pend)
                  0101cee8    00000012     sysbios.aem4 : BIOS.obj (.text:ti_sysbios_hal_Hwi_Module_startup__E)
                  0101cefa    00000012     release_pem4.oem4 (.text:xdc_runtime_Startup_exec__I)
                  0101cf0c    00000010     dpl_cc32xx.aem4 : HwiP_tirtos.oem4 (.text:HwiP_Params_init)
                  0101cf1c    00000010     drivers_cc32xx.aem4 : I2C.oem4 (.text:I2C_Params_init)
                  0101cf2c    00000010     provisioning_task.obj (.text:LedTimerIntHandler)
                  0101cf3c    00000010     simplelink.a : cc_pal.obj (.text:MutexP_delete_handle)
                  0101cf4c    00000010                  : cc_pal.obj (.text:Mutex_unlock)
                  0101cf5c    00000010                  : cc_pal.obj (.text:SemaphoreP_delete_handle)
                  0101cf6c    00000010                  : cc_pal.obj (.text:SemaphoreP_post_handle)
                  0101cf7c    00000010                  : driver.obj (.text:_SlDrvDispatchHttpServerEvents)
                  0101cf8c    00000010                  : driver.obj (.text:_SlDrvDispatchNetAppRequestEvents)
                  0101cf9c    00000010     CC3220SF_LAUNCHXL.obj (.text:dmaErrorFxn)
                  0101cfac    00000010     drivers_cc32xx.aem4 : UARTCC32XX.oem4 (.text:readBlockingTimeout)
                  0101cfbc    00000004     --HOLE-- [fill = 0]
                  0101cfc0    00000010     sysbios.aem4 : BIOS.obj (.text:ti_sysbios_BIOS_getCpuFreq__E)
                  0101cfd0    00000010                  : BIOS.obj (.text:ti_sysbios_BIOS_setThreadType__E)
                  0101cfe0    00000010                  : BIOS.obj (.text:ti_sysbios_BIOS_start__E)
                  0101cff0    00000010                  : m3_TaskSupport_asm.obj (.text:ti_sysbios_family_arm_m3_TaskSupport_glue)
                  0101d000    00000010                  : m3_TaskSupport_asm.obj (.text:ti_sysbios_family_arm_m3_TaskSupport_swap__E)
                  0101d010    00000010                  : BIOS.obj (.text:ti_sysbios_gates_GateMutex_Instance_finalize__E)
                  0101d020    00000010     release_pem4.oem4 (.text:ti_sysbios_knl_Mailbox_Object__get__S)
                  0101d030    00000010     sysbios.aem4 : BIOS.obj (.text:ti_sysbios_knl_Semaphore_Instance_finalize__E)
                  0101d040    00000010                  : BIOS.obj (.text:ti_sysbios_knl_Swi_disable__E)
                  0101d050    00000010     release_pem4.oem4 (.text:ti_sysbios_knl_Task_Object__get__S)
                  0101d060    00000010     sysbios.aem4 : BIOS.obj (.text:ti_sysbios_knl_Task_disable__E)
                  0101d070    00000010                  : BIOS.obj (.text:xdc_runtime_Memory_free__E)
                  0101d080    00000010                  : BIOS.obj (.text:xdc_runtime_SysCallback_abort__E)
                  0101d090    00000010                  : BIOS.obj (.text:xdc_runtime_SysCallback_exit__E)
                  0101d0a0    00000010                  : BIOS.obj (.text:xdc_runtime_SysCallback_flush__E)
                  0101d0b0    00000010                  : BIOS.obj (.text:xdc_runtime_SysCallback_putch__E)
                  0101d0c0    00000010                  : BIOS.obj (.text:xdc_runtime_SysCallback_ready__E)
                  0101d0d0    0000000e     simplelink.a : cc_pal.obj (.text:Mutex_lock)
                  0101d0de    0000000e     ota_archive.obj (.text:OtaArchive_GetStatus)
                  0101d0ec    0000000e     simplelink.a : driver.obj (.text:_SlDrvResetCmdExt)
                  0101d0fa    0000000e     rtsv7M4_T_le_eabi.lib : copy_decompress_none.obj (.text:decompress:none)
                  0101d108    0000000e     drivers_cc32xx.aem4 : SPICC32XXDMA.oem4 (.text:postNotifyFxn)
                  0101d116    00000002     --HOLE-- [fill = 0]
                  0101d118    0000000e     sysbios.aem4 : BIOS.obj (.text:pthread_attr_setdetachstate)
                  0101d126    00000002     --HOLE-- [fill = 0]
                  0101d128    0000000e                  : BIOS.obj (.text:sem_wait)
                  0101d136    0000000e     simplelink.a : cc_pal.obj (.text:spi_Close)
                  0101d144    00000004     --HOLE-- [fill = 0]
                  0101d148    0000000e     sysbios.aem4 : BIOS.obj (.text:ti_sysbios_knl_Idle_loop__E)
[...]
0101e144  PowerCC32XX_config                                              
0101e1c4  ti_sysbios_knl_Task_Object__PARAMS__C                           
0101e200  ti_sysbios_knl_Mailbox_Object__PARAMS__C                        
0101e234  ti_sysbios_family_arm_m3_Hwi_Object__PARAMS__C                  
0101e264  pageNotFound                                                    
0101e28c  UARTCC32XX_fxnTable                                             
0101e2b4  ti_sysbios_heaps_HeapMem_Module__FXNS__C                        
0101e2dc  UART_defaultParams                                              
0101e300  ti_sysbios_gates_GateHwi_Module__FXNS__C                        
0101e324  ti_sysbios_gates_GateMutex_Module__FXNS__C                      
0101e348  ti_sysbios_heaps_HeapMem_Object__PARAMS__C                      
0101e36c  ti_sysbios_knl_Clock_Object__PARAMS__C                          
0101e390  ti_sysbios_knl_Semaphore_Object__PARAMS__C                      
0101e437  ti_sysbios_knl_Clock_tickMode__C                                
0101e458  SPI_defaultParams                                               
0101e4d8  ti_sysbios_family_arm_m3_Hwi_Object__DESC__C                    
0101e4f8  ti_sysbios_gates_GateHwi_Object__DESC__C                        
0101e518  ti_sysbios_gates_GateMutex_Object__DESC__C                      
0101e538  ti_sysbios_heaps_HeapMem_Object__DESC__C                        
0101e558  ti_sysbios_knl_Clock_Object__DESC__C                            
0101e578  ti_sysbios_knl_Mailbox_Object__DESC__C                          
0101e598  ti_sysbios_knl_Queue_Object__DESC__C                            
0101e5b8  ti_sysbios_knl_Semaphore_Object__DESC__C                        
0101e5d8  ti_sysbios_knl_Task_Object__DESC__C                             
0101e5f8  xdc_runtime_Startup_sfxnTab__A                                  
0101e634  I2CCC32XX_fxnTable                                              
0101e64c  SPICC32XXDMA_fxnTable                                           
0101e664  SPI_config                                                      
0101e67c  UART_config                                                     
0101e694  ti_sysbios_gates_GateHwi_Object__PARAMS__C                      
0101e6ac  ti_sysbios_gates_GateMutex_Object__PARAMS__C                    
0101e6c4  ti_sysbios_knl_Queue_Object__PARAMS__C                          
0101e6dc  ti_sysbios_knl_Task_hooks__A                                    
0101e7bc  GPIOCC32XX_config                                               
0101e83c  I2C_defaultParams                                               
0101e85c  i2cCC3220SHWAttrs                                               
0101e86c  xdc_runtime_Startup_sfxnRts__A                                  
0101e8a8  ADC_count                                                       
0101e8a9  Capture_count                                                   
0101e8aa  CryptoCC32XX_count                                              
0101e8ab  Display_count                                                   
0101e8ac  I2C_count                                                       
0101e8ad  I2S_count                                                       
0101e8ae  PWM_count                                                       
0101e8af  SDFatFS_count                                                   
0101e8b0  SD_count                                                        
0101e8b1  SPI_count                                                       
0101e8b2  Timer_count                                                     
0101e8b3  UART_count                                                      
0101e8b4  Watchdog_count                                                  
0101e8b5  ti_sysbios_knl_Clock_tickSource__C                              
0101e8b6  ti_sysbios_heaps_HeapMem_Module__id__C                          
0101e8b8  I2C_config                                                      
0101e8e8  udmaCC3220SHWAttrs                                              
0101e8f4  xdc_runtime_Startup_firstFxns__A                                
0101e90a  ti_sysbios_knl_Task_Module__id__C                               
0101e914  UDMACC32XX_config                                               
0101e93c  outPinTypes                                                     
0101e94c  ti_sysbios_knl_Idle_funcList__A                                 
0101e954  ti_sysbios_knl_Idle_funcList__C                                 
0101e95c  ti_sysbios_knl_Task_hooks__C                                    
0101e964  xdc_runtime_Startup_firstFxns__C                                
0101e96c  xdc_runtime_Startup_lastFxns__C                                 
0101e97a  inPinTypes                                                      
0101e980  outPinStrengths                                                 
0101e98e  xdc_runtime_Memory_Module__id__C                                
0101e990  CryptoCC32XX_config                                             
0101e9a0  _SlFsFileSysControlCmdCtrl                                      
0101e9b4  _SlNetAppReceiveCmdCtrl                                         
0101e9b8  _SlNetAppSendCmdCtrl                                            
0101e9bc  _SlNetAppSendResponseCmdCtrl                                    
0101e9c0  _SlNetAppSendTokenValueCmdCtrl                                  
0101e9d0  _SlNetUtilCmdCtrl                                               
0101e9d8  _SlProvisioningCmdCtrl                                          
0101ea0c  ti_sysbios_family_arm_m3_Hwi_E_alreadyDefined__C                
0101ea10  ti_sysbios_family_arm_m3_Hwi_NUM_INTERRUPTS__C                  
0101ea14  ti_sysbios_family_arm_m3_Hwi_Object__count__C                   
0101ea18  ti_sysbios_family_arm_m3_Hwi_ccr__C                             
0101ea1c  ti_sysbios_family_arm_m3_Hwi_excHandlerFunc__C                  
0101ea20  ti_sysbios_family_arm_m3_Hwi_nullIsrFunc__C                     
0101ea24  ti_sysbios_family_arm_m3_Hwi_priGroup__C                        
0101ea28  ti_sysbios_family_arm_m3_Hwi_swiDisable__C                      
0101ea2c  ti_sysbios_family_arm_m3_Hwi_swiRestoreHwi__C                   
0101ea30  ti_sysbios_family_arm_m3_TaskSupport_stackAlignment__C          
0101ea34  ti_sysbios_family_arm_m3_Timer_E_cannotSupport__C               
0101ea38  ti_sysbios_family_arm_m3_Timer_startupNeeded__C                 
0101ea3c  ti_sysbios_gates_GateMutex_Instance_State_sem__O                
0101ea40  ti_sysbios_heaps_HeapMem_E_memory__C                            
0101ea44  ti_sysbios_heaps_HeapMem_Module__gateObj__C                     
0101ea48  ti_sysbios_heaps_HeapMem_Object__count__C                       
0101ea4c  ti_sysbios_heaps_HeapMem_primaryHeapBaseAddr__C                 
0101ea50  ti_sysbios_heaps_HeapMem_primaryHeapEndAddr__C                  
0101ea54  ti_sysbios_heaps_HeapMem_reqAlign__C                            
0101ea58  ti_sysbios_knl_Clock_Module_State_clockQ__O                     
0101ea5c  ti_sysbios_knl_Clock_tickPeriod__C                              
0101ea60  ti_sysbios_knl_Mailbox_Instance_State_dataQue__O                
0101ea64  ti_sysbios_knl_Mailbox_Instance_State_dataSem__O                
0101ea68  ti_sysbios_knl_Mailbox_Instance_State_freeQue__O                
0101ea6c  ti_sysbios_knl_Mailbox_Instance_State_freeSem__O                
0101ea70  ti_sysbios_knl_Mailbox_Object__count__C                         
0101ea74  ti_sysbios_knl_Mailbox_maxTypeAlign__C                          
0101ea78  ti_sysbios_knl_Semaphore_Instance_State_pendQ__O                
0101ea7c  ti_sysbios_knl_Swi_Object__count__C                             
0101ea80  ti_sysbios_knl_Task_E_deleteNotAllowed__C                       
0101ea84  ti_sysbios_knl_Task_Module_State_inactiveQ__O                   
0101ea88  ti_sysbios_knl_Task_Module_State_terminatedQ__O                 
0101ea8c  ti_sysbios_knl_Task_Object__count__C                            
0101ea90  ti_sysbios_knl_Task_Object__heap__C                             
0101ea94  ti_sysbios_knl_Task_allBlockedFunc__C                           
0101ea98  ti_sysbios_knl_Task_defaultStackHeap__C                         
0101ea9c  ti_sysbios_knl_Task_defaultStackSize__C                         
0101eaa0  ti_sysbios_knl_Task_numConstructedTasks__C                      
0101eaa4  xdc_runtime_Error_E_memory__C                                   
0101eaa8  xdc_runtime_Error_policyFxn__C                                  
0101eaac  xdc_runtime_IGateProvider_Interface__BASE__C                    
0101eab0  xdc_runtime_IHeap_Interface__BASE__C                            
0101eab4  xdc_runtime_IModule_Interface__BASE__C                          
0101eab8  xdc_runtime_Memory_defaultHeapInstance__C                       
0101eabc  xdc_runtime_Startup_execImpl__C                                 
0101eac0  xdc_runtime_Startup_maxPasses__C                                
0101eac4  xdc_runtime_Startup_sfxnRts__C                                  
0101eac8  xdc_runtime_Startup_sfxnTab__C                                  
0101eacc  xdc_runtime_SysCallback_abortFxn__C                             
0101ead0  xdc_runtime_SysCallback_exitFxn__C                              
0101ead4  xdc_runtime_SysCallback_flushFxn__C                             
0101ead8  xdc_runtime_SysCallback_putchFxn__C                             
0101eadc  xdc_runtime_SysCallback_readyFxn__C                             
0101eae0  xdc_runtime_System_Module__gateObj__C                           
0101eae4  xdc_runtime_System_abortFxn__C                                  
0101eae8  xdc_runtime_System_exitFxn__C                                   
0101eaec  xdc_runtime_System_extendFxn__C                                 
0101eaf0  xdc_runtime_System_maxAtexitHandlers__C                         
0101eaf4  xdc_runtime_Text_charTab__C                                     
0101eaf8  xdc_runtime_Text_nameEmpty__C                                   
0101eafc  xdc_runtime_Text_nameStatic__C                                  
0101eb00  xdc_runtime_Text_nameUnknown__C                                 
0101eb04  xdc_runtime_Text_charCnt__C                                     
0101eb06  xdc_runtime_Text_isLoaded__C                                    
0101eb08  xdc_runtime_Error_policy__C                                     
0101eb09  xdc_runtime_Text_charTab__A                                     
0101eb10  __TI_static_base__                                              
0101ef44  __TI_Handler_Table_Base                                         
0101ef50  __TI_Handler_Table_Limit                                        
0101ef58  __TI_CINIT_Base                                                 
0101ef68  __TI_CINIT_Limit                                                
20000000  ti_sysbios_family_arm_m3_Hwi_ramVectors                         
20000310  __primary_heap_start__                                          
20008310  __primary_heap_end__                                            
20008400  gOtaArcive                                                      
2000bb24  gPayloadBuffer                                                  
2000c078  ti_sysbios_family_arm_m3_Hwi_dispatchTable                      
2000c384  HmacParams                                                      
2000c800  ti_sysbios_knl_Task_Instance_State_0_stack__A                   
2000ca00  gMetadataResponse                                               
2000cc00  PowerCC32XX_contextSave                                         
2000cd2c  uartCC3220SObjects                                              
2000ce34  B64DecTable                                                     
2000cf34  gHttpGetBuffer                                                  
2000d01c  gHttpPostBuffer                                                 
2000d104  g_SlInternalSpawnCB                                             
2000d198  spiCC3220SDMAObjects                                            
2000d220  gMetadataBuffer                                                 
2000d284  Provisioning_ControlBlock                                       
2000d2d8  i2cCC3220SObjects                                               
2000d328  B64EncTable                                                     
2000d368  uartCC3220SRingBuffer                                           
2000d3a8  LinkLocal_ControlBlock                                          
2000d3e4  OutOfBox_ControlBlock                                           
2000d458  gPayloadData                                                    
2000d478  cryptoCC3220SObjects                                            
2000d4bc  gAppCtx                                                         
2000d4d0  gOtaVersion                                                     
2000d504  DeviceCB                                                        
2000d510  Msg                                                             
2000d520  spiCC3220SDMAscratchBuf                                         
2000d528  udmaCC3220SObject                                               
2000d534  BME280HumVal                                                    
2000d538  BME280PresVal                                                   
2000d53c  BME280TempVal                                                   
2000d540  ClockP_tickPeriod                                               
2000d544  GlobalLockObj                                                   
2000d548  controlMQueue                                                   
2000d54c  gAsyncEventTimer                                                
2000d550  gLedTimer                                                       
2000d554  i2cHandle                                                       
2000d558  linkLocalMQueue                                                 
2000d55c  sensorLockObj                                                   
2000d560  ti_sysbios_knl_Task_Instance_State_0_hookEnv__A                 
2000d568  RxIrqCnt                                                        
2000d56c  httpRequest                                                     
2000dc50  internalBuf                                                     
2000e038  PowerCC32XX_module                                              
2000e1a4  g_ContentTypes                                                  
2000e2a0  parkInfo                                                        
2000e398  g_HeaderFields                                                  
2000e448  ti_sysbios_knl_Swi_Module_State_0_readyQ__A                     
2000e4c8  ti_sysbios_knl_Task_Module_State_0_readyQ__A                    
2000e548  template_OtaCmd                                                 
2000e634  ti_sysbios_knl_Task_Object__table__V                            
2000e680  ti_sysbios_knl_Task_Module__state__V                            
2000e6c4  ti_sysbios_gates_GateMutex_Object__table__V                     
2000e6fc  ti_sysbios_family_arm_m3_Hwi_Module__state__V                   
2000e730  ti_sysbios_family_arm_m3_Timer_Object__table__V                 
2000e760  ti_sysbios_knl_Swi_Object__table__V                             
2000e790  ti_sysbios_knl_Clock_Module__state__V                           
2000e7bc  CryptoCC32XX_HwiPTable                                          
2000e7e0  g_LibsEvents                                                    
2000e804  g_UserEvents                                                    
2000e828  ti_sysbios_BIOS_Module__state__V                                
2000e84c  Digest                                                          
2000e86c  xdc_runtime_Error_IgnoreBlock                                   
2000e88c  ti_sysbios_knl_Swi_Module__state__V                             
2000e8a8  ti_sysbios_family_arm_m3_Hwi_Object__table__V                   
2000e8c0  ti_sysbios_heaps_HeapMem_Object__table__V                       
2000e8d8  gpioPinConfigs                                                  
2000e8ec  gProvisioningThread                                             
2000e8f0  gLinklocalThread                                                
2000e8f4  gControlThread                                                  
2000e8f8  gOtaThread                                                      
2000e8fc  gSpawnThread                                                    
2000e900  cryptoHandle                                                    
2000e904  pTempBuf                                                        
2000e90e  ti_sysbios_family_arm_m3_Hwi_Module_State_0_excActive__A        
2000e910  OtaJsonObj                                                      
2000e91c  gGlobalLockCntRequested                                         
2000e91d  gGlobalLockCntReleased                                          
2000e91e  g_SlDeviceStatus                                                
2000e920  g_pCB                                                           
2000e924  pPingCallBackFunc                                               
2000e928  ti_sysbios_family_arm_m3_Timer_Module__state__V                 
2000e940  _lock                                                           
2000e944  _unlock                                                         
2000e950  gpioCallbackFunctions                                           
2000e958  ti_sysbios_family_arm_cc32xx_Seconds_Module__state__V           
2000e960  ti_sysbios_family_arm_m3_Hwi_Module__root__V                    
2000e968  ti_sysbios_gates_GateHwi_Module__root__V                        
2000e970  ti_sysbios_gates_GateMutex_Module__root__V                      
2000e978  ti_sysbios_heaps_HeapMem_Module__root__V                        
2000e980  ti_sysbios_knl_Clock_Module__root__V                            
2000e988  ti_sysbios_knl_Mailbox_Module__root__V                          
2000e990  ti_sysbios_knl_Queue_Module__root__V                            
2000e998  ti_sysbios_knl_Semaphore_Module__root__V                        
2000e9a0  ti_sysbios_knl_Task_Module__root__V                             
2000e9a8  xdc_runtime_Startup_Module__state__V                            
2000e9b0  xdc_runtime_System_Module_State_0_atexitHandlers__A             
2000e9b8  xdc_runtime_System_Module__state__V                             
2000e9c0  errno                                                           
2000e9c4  main_func_sp                                                    
2000e9cc  g_intHandle                                                     
2000e9d0  ti_sysbios_family_arm_m3_Hwi_Module_State_0_excContext__A       
2000e9d4  ti_sysbios_family_arm_m3_Hwi_Module_State_0_excStack__A         
2000e9d8  ti_sysbios_gates_GateHwi_Object__table__V                       
2000e9dc  ti_sysbios_knl_Task_Module_State_0_idleTask__A                  
2000e9e0  ti_sysbios_rts_ti_ReentSupport_Module__state__V                 
2000e9e4  xdc_runtime_Memory_Module__state__V                             
2003fc00  __stack                                                         
20040000  __STACK_END                                                     
e000e000  ti_sysbios_family_arm_m3_Hwi_nvic                               
ffffffff  __TI_pprof_out_hndl                                             
ffffffff  __TI_prof_data_size                                             
ffffffff  __TI_prof_data_start                                            
ffffffff  __binit__                                                       
ffffffff  __c_args__                                                      
ffffffff  binit                                                           
UNDEFED   SHT$$INIT_ARRAY$$Base                                           
UNDEFED   SHT$$INIT_ARRAY$$Limit                                          

[1044 symbols]
